 MerkelTree

 Timestamp is 5aff11a8 (Fri May 18 23:17:20 2018)

 Preferred load address is 0000000180000000

 Start         Length     Name                   Class
 0001:00000000 00000150H .text$di                CODE
 0001:00000150 000280e0H .text$mn                CODE
 0001:00028230 00000020H .text$mn$00             CODE
 0001:00028250 000004d0H .text$x                 CODE
 0001:00028720 00000184H .text$yd                CODE
 0002:00000000 000002a8H .idata$5                DATA
 0002:000002a8 00000010H .00cfg                  DATA
 0002:000002b8 00000008H .CRT$XCA                DATA
 0002:000002c0 00000038H .CRT$XCC                DATA
 0002:000002f8 00000010H .CRT$XCL                DATA
 0002:00000308 00000010H .CRT$XCU                DATA
 0002:00000318 00000008H .CRT$XCZ                DATA
 0002:00000320 00000008H .CRT$XIA                DATA
 0002:00000328 00000030H .CRT$XIC                DATA
 0002:00000358 00000008H .CRT$XIZ                DATA
 0002:00000360 00000008H .CRT$XLA                DATA
 0002:00000368 00000008H .CRT$XLZ                DATA
 0002:00000370 00000008H .CRT$XPA                DATA
 0002:00000378 00000010H .CRT$XPX                DATA
 0002:00000388 00000008H .CRT$XPXA               DATA
 0002:00000390 00000008H .CRT$XPZ                DATA
 0002:00000398 00000008H .CRT$XTA                DATA
 0002:000003a0 00000010H .CRT$XTZ                DATA
 0002:000003b0 00010298H .rdata                  DATA
 0002:00010648 00000028H .rdata$T                DATA
 0002:00010670 00001064H .rdata$r                DATA
 0002:000116d4 000004a4H .rdata$zzzdbg           DATA
 0002:00011b78 00000008H .rtc$IAA                DATA
 0002:00011b80 00000008H .rtc$IZZ                DATA
 0002:00011b88 00000008H .rtc$TAA                DATA
 0002:00011b90 00000010H .rtc$TZZ                DATA
 0002:00011ba0 00002168H .xdata                  DATA
 0002:00013d08 000002a4H .xdata$x                DATA
 0002:00013fac 00000020H .didat$2                DATA
 0002:00013fcc 00000024H .didat$3                DATA
 0002:00013ff0 00000080H .didat$4                DATA
 0002:00014070 00000370H .didat$6                DATA
 0002:000143e0 00000080H .didat$7                DATA
 0002:00014460 00000058H .edata                  DATA
 0002:000144b8 00000014H .idata$2                DATA
 0002:000144cc 00000014H .idata$3                DATA
 0002:000144e0 000002a8H .idata$4                DATA
 0002:00014788 0000061aH .idata$6                DATA
 0003:00000000 00000b90H .data                   DATA
 0003:00000b90 00000620H .data$r                 DATA
 0003:000011b0 00000080H .didat$5                DATA
 0003:00001230 000019acH .bss                    DATA
 0004:00000000 000022b0H .pdata                  DATA
 0005:00000000 000000b4H .gfids$x                DATA
 0005:000000b4 00000238H .gfids$y                DATA
 0006:00000000 00000004H .tls                    DATA
 0006:00000004 00000004H .tls$                   DATA
 0006:00000008 00000001H .tls$ZZZ                DATA
 0007:00000000 00000060H .rsrc$01                DATA
 0007:00000060 00000180H .rsrc$02                DATA

  Address         Publics by Value              Rva+Base               Lib:Object

 0000:00000000       __guard_iat_table          0000000000000000     <absolute>
 0000:00000000       __guard_longjmp_table      0000000000000000     <absolute>
 0000:00000000       __guard_longjmp_count      0000000000000000     <absolute>
 0000:00000000       __dynamic_value_reloc_table 0000000000000000     <absolute>
 0000:00000000       __guard_iat_count          0000000000000000     <absolute>
 0000:00000000       __guard_fids_count         0000000000000000     <absolute>
 0000:00000000       ___safe_se_handler_table   0000000000000000     <absolute>
 0000:00000000       ___safe_se_handler_count   0000000000000000     <absolute>
 0000:00000000       __guard_fids_table         0000000000000000     <absolute>
 0000:00000100       __guard_flags              0000000000000100     <absolute>
 0000:00000000       __ImageBase                0000000180000000     <linker-defined>
 0001:00000150       __local_stdio_printf_options 0000000180001150 f i Merkel.obj
 0001:00000160       sprintf_s                  0000000180001160 f i Merkel.obj
 0001:000001c0       ?what@exception@stdext@@UEBAPEBDXZ 00000001800011c0 f i Merkel.obj
 0001:000001e0       _guard_check_icall_nop     00000001800011e0 f i LIBCMT:guard_support.obj
 0001:000001e0       ?imbue@?$basic_streambuf@DU?$char_traits@D@std@@@std@@MEAAXAEBVlocale@2@@Z 00000001800011e0 f i libcpmt:cout.obj
 0001:000001e0       ?_Doraise@exception@stdext@@MEBAXXZ 00000001800011e0 f i Merkel.obj
 0001:000001e0       ?_Unlock@?$basic_streambuf@DU?$char_traits@D@std@@@std@@UEAAXXZ 00000001800011e0 f i libcpmt:cout.obj
 0001:000001e0       ?_Lock@?$basic_streambuf@DU?$char_traits@D@std@@@std@@UEAAXXZ 00000001800011e0 f i libcpmt:cout.obj
 0001:000001e0       __except_validate_context_record 00000001800011e0 f i libvcruntime:jbcxrval.obj
 0001:000001f0       ??_Eruntime_error@std@@UEAAPEAXI@Z 00000001800011f0 f i * CIL library *:* CIL module *
 0001:000001f0       ??_Gexception@stdext@@UEAAPEAXI@Z 00000001800011f0 f i Merkel.obj
 0001:000001f0       ??_Gruntime_error@std@@UEAAPEAXI@Z 00000001800011f0 f i Merkel.obj
 0001:000001f0       ??_Eexception@stdext@@UEAAPEAXI@Z 00000001800011f0 f i * CIL library *:* CIL module *
 0001:00000220       ?_Deallocate@std@@YAXPEAX_K1@Z 0000000180001220 f i Merkel.obj
 0001:00000290       ?NODE_SET_METHOD@node@@YAXV?$Local@VObject@v8@@@v8@@PEBDP6AXAEBV?$FunctionCallbackInfo@VValue@v8@@@3@@Z@Z 0000000180001290 f i Merkel.obj
 0001:00000360       ??0_Locinfo@std@@QEAA@PEBD@Z 0000000180001360 f i Merkel.obj
 0001:00000420       ??1_Locinfo@std@@QEAA@XZ   0000000180001420 f i Merkel.obj
 0001:000004c0       ??_E_Facet_base@std@@UEAAPEAXI@Z 00000001800014c0 f i * CIL library *:* CIL module *
 0001:000004c0       ??_G_Facet_base@std@@UEAAPEAXI@Z 00000001800014c0 f i Merkel.obj
 0001:000004f0       ?_Incref@facet@locale@std@@UEAAXXZ 00000001800014f0 f i Merkel.obj
 0001:00000500       ?_Decref@facet@locale@std@@UEAAPEAV_Facet_base@3@XZ 0000000180001500 f i Merkel.obj
 0001:00000510       ?_Getcat@?$ctype@D@std@@SA_KPEAPEBVfacet@locale@2@PEBV42@@Z 0000000180001510 f i Merkel.obj
 0001:000005d0       ?do_tolower@?$ctype@D@std@@MEBADD@Z 00000001800015d0 f i Merkel.obj
 0001:000005e0       ?do_tolower@?$ctype@D@std@@MEBAPEBDPEADPEBD@Z 00000001800015e0 f i Merkel.obj
 0001:00000640       ?do_toupper@?$ctype@D@std@@MEBADD@Z 0000000180001640 f i Merkel.obj
 0001:00000650       ?do_toupper@?$ctype@D@std@@MEBAPEBDPEADPEBD@Z 0000000180001650 f i Merkel.obj
 0001:000006b0       ?do_narrow@?$ctype@D@std@@MEBADDD@Z 00000001800016b0 f i Merkel.obj
 0001:000006b0       ?do_widen@?$ctype@D@std@@MEBADD@Z 00000001800016b0 f i Merkel.obj
 0001:000006c0       ?do_widen@?$ctype@D@std@@MEBAPEBDPEBD0PEAD@Z 00000001800016c0 f i Merkel.obj
 0001:000006e0       ?do_narrow@?$ctype@D@std@@MEBAPEBDPEBD0DPEAD@Z 00000001800016e0 f i Merkel.obj
 0001:00000700       ??_E?$ctype@D@std@@MEAAPEAXI@Z 0000000180001700 f i * CIL library *:* CIL module *
 0001:00000700       ??_G?$ctype@D@std@@MEAAPEAXI@Z 0000000180001700 f i Merkel.obj
 0001:00000770       ??_Gerror_category@std@@UEAAPEAXI@Z 0000000180001770 f i Merkel.obj
 0001:00000770       ??_G_Iostream_error_category@std@@UEAAPEAXI@Z 0000000180001770 f i Merkel.obj
 0001:00000770       ??_Eerror_category@std@@UEAAPEAXI@Z 0000000180001770 f i * CIL library *:* CIL module *
 0001:00000770       ??_E_Iostream_error_category@std@@UEAAPEAXI@Z 0000000180001770 f i * CIL library *:* CIL module *
 0001:000007a0       ?default_error_condition@error_category@std@@UEBA?AVerror_condition@2@H@Z 00000001800017a0 f i Merkel.obj
 0001:000007b0       ?equivalent@error_category@std@@UEBA_NHAEBVerror_condition@2@@Z 00000001800017b0 f i Merkel.obj
 0001:00000810       ?equivalent@error_category@std@@UEBA_NAEBVerror_code@2@H@Z 0000000180001810 f i Merkel.obj
 0001:00000830       ??0_System_error@std@@IEAA@Verror_code@1@AEBV?$basic_string@DU?$char_traits@D@std@@V?$allocator@D@2@@1@@Z 0000000180001830 f i Merkel.obj
 0001:00000a50       ??_Gfailure@ios_base@std@@UEAAPEAXI@Z 0000000180001a50 f i Merkel.obj
 0001:00000a50       ??_E_System_error@std@@UEAAPEAXI@Z 0000000180001a50 f i * CIL library *:* CIL module *
 0001:00000a50       ??_Efailure@ios_base@std@@UEAAPEAXI@Z 0000000180001a50 f i * CIL library *:* CIL module *
 0001:00000a50       ??_G_System_error@std@@UEAAPEAXI@Z 0000000180001a50 f i Merkel.obj
 0001:00000a80       ?name@_Iostream_error_category@std@@UEBAPEBDXZ 0000000180001a80 f i Merkel.obj
 0001:00000a90       ?message@_Iostream_error_category@std@@UEBA?AV?$basic_string@DU?$char_traits@D@std@@V?$allocator@D@2@@2@H@Z 0000000180001a90 f i Merkel.obj
 0001:00000b10       ?clear@ios_base@std@@QEAAXH_N@Z 0000000180001b10 f i Merkel.obj
 0001:00000e90       ?processBlock@SHA256@@AEAAXPEBX@Z 0000000180001e90 f   Merkel.obj
 0001:00002c00       ?add@SHA256@@QEAAXPEBX_K@Z 0000000180003c00 f   Merkel.obj
 0001:00002ce0       ?getHash@SHA256@@QEAA?AV?$basic_string@DU?$char_traits@D@std@@V?$allocator@D@2@@std@@XZ 0000000180003ce0 f   Merkel.obj
 0001:00002db0       ?getHash@SHA256@@QEAAXQEAE@Z 0000000180003db0 f   Merkel.obj
 0001:00002fa0       ?Main@@YAXAEBV?$FunctionCallbackInfo@VValue@v8@@@v8@@@Z 0000000180003fa0 f   Merkel.obj
 0001:00003370       ?createHash@@YA?AV?$basic_string@DU?$char_traits@D@std@@V?$allocator@D@2@@std@@PEAVIsolate@v8@@AEBV?$FunctionCallbackInfo@VValue@v8@@@4@V?$Local@VObject@v8@@@4@@Z 0000000180004370 f   Merkel.obj
 0001:00003560       ?CreateDataToHash@@YA?AV?$basic_string@DU?$char_traits@D@std@@V?$allocator@D@2@@std@@V12@AEBV?$FunctionCallbackInfo@VValue@v8@@@v8@@@Z 0000000180004560 f   Merkel.obj
 0001:00003630       ?createMerkelRoot@@YA?AV?$basic_string@DU?$char_traits@D@std@@V?$allocator@D@2@@std@@V?$deque@V?$basic_string@DU?$char_traits@D@std@@V?$allocator@D@2@@std@@V?$allocator@V?$basic_string@DU?$char_traits@D@std@@V?$allocator@D@2@@std@@@2@@2@H@Z 0000000180004630 f   Merkel.obj
 0001:00003ed0       ?init@@YAXV?$Local@VObject@v8@@@v8@@@Z 0000000180004ed0 f   Merkel.obj
 0001:00003ef0       ?erase@?$deque@V?$basic_string@DU?$char_traits@D@std@@V?$allocator@D@2@@std@@V?$allocator@V?$basic_string@DU?$char_traits@D@std@@V?$allocator@D@2@@std@@@2@@std@@QEAA?AV?$_Deque_iterator@V?$_Deque_val@U?$_Deque_simple_types@V?$basic_string@DU?$char_traits@D@std@@V?$allocator@D@2@@std@@@std@@@std@@@2@V?$_Deque_const_iterator@V?$_Deque_val@U?$_Deque_simple_types@V?$basic_string@DU?$char_traits@D@std@@V?$allocator@D@2@@std@@@std@@@std@@@2@0@Z 0000000180004ef0 f i Merkel.obj
 0001:00004230       ?push_front@?$deque@V?$basic_string@DU?$char_traits@D@std@@V?$allocator@D@2@@std@@V?$allocator@V?$basic_string@DU?$char_traits@D@std@@V?$allocator@D@2@@std@@@2@@std@@QEAAXAEBV?$basic_string@DU?$char_traits@D@std@@V?$allocator@D@2@@2@@Z 0000000180005230 f i Merkel.obj
 0001:000042f0       ??Y?$basic_string@DU?$char_traits@D@std@@V?$allocator@D@2@@std@@QEAAAEAV01@D@Z 00000001800052f0 f i Merkel.obj
 0001:000043e0       ??1?$basic_string@DU?$char_traits@D@std@@V?$allocator@D@2@@std@@QEAA@XZ 00000001800053e0 f i Merkel.obj
 0001:00004470       ??6?$basic_ostream@DU?$char_traits@D@std@@@std@@QEAAAEAV01@_K@Z 0000000180005470 f i Merkel.obj
 0001:00004620       ??6?$basic_ostream@DU?$char_traits@D@std@@@std@@QEAAAEAV01@H@Z 0000000180005620 f i Merkel.obj
 0001:000047c0       ??0sentry@?$basic_ostream@DU?$char_traits@D@std@@@std@@QEAA@AEAV12@@Z 00000001800057c0 f i Merkel.obj
 0001:00004830       ?do_put@?$num_put@DV?$ostreambuf_iterator@DU?$char_traits@D@std@@@std@@@std@@MEBA?AV?$ostreambuf_iterator@DU?$char_traits@D@std@@@2@V32@AEAVios_base@2@DPEBX@Z 0000000180005830 f i Merkel.obj
 0001:000048d0       ?do_put@?$num_put@DV?$ostreambuf_iterator@DU?$char_traits@D@std@@@std@@@std@@MEBA?AV?$ostreambuf_iterator@DU?$char_traits@D@std@@@2@V32@AEAVios_base@2@DO@Z 00000001800058d0 f i Merkel.obj
 0001:00004b40       ?do_put@?$num_put@DV?$ostreambuf_iterator@DU?$char_traits@D@std@@@std@@@std@@MEBA?AV?$ostreambuf_iterator@DU?$char_traits@D@std@@@2@V32@AEAVios_base@2@DN@Z 0000000180005b40 f i Merkel.obj
 0001:00004db0       ?do_put@?$num_put@DV?$ostreambuf_iterator@DU?$char_traits@D@std@@@std@@@std@@MEBA?AV?$ostreambuf_iterator@DU?$char_traits@D@std@@@2@V32@AEAVios_base@2@D_K@Z 0000000180005db0 f i Merkel.obj
 0001:00004eb0       ?do_put@?$num_put@DV?$ostreambuf_iterator@DU?$char_traits@D@std@@@std@@@std@@MEBA?AV?$ostreambuf_iterator@DU?$char_traits@D@std@@@2@V32@AEAVios_base@2@D_J@Z 0000000180005eb0 f i Merkel.obj
 0001:00004fb0       ?do_put@?$num_put@DV?$ostreambuf_iterator@DU?$char_traits@D@std@@@std@@@std@@MEBA?AV?$ostreambuf_iterator@DU?$char_traits@D@std@@@2@V32@AEAVios_base@2@DK@Z 0000000180005fb0 f i Merkel.obj
 0001:000050b0       ?do_put@?$num_put@DV?$ostreambuf_iterator@DU?$char_traits@D@std@@@std@@@std@@MEBA?AV?$ostreambuf_iterator@DU?$char_traits@D@std@@@2@V32@AEAVios_base@2@DJ@Z 00000001800060b0 f i Merkel.obj
 0001:000051b0       ?do_put@?$num_put@DV?$ostreambuf_iterator@DU?$char_traits@D@std@@@std@@@std@@MEBA?AV?$ostreambuf_iterator@DU?$char_traits@D@std@@@2@V32@AEAVios_base@2@D_N@Z 00000001800061b0 f i Merkel.obj
 0001:00005760       ?_Tidy@?$deque@V?$basic_string@DU?$char_traits@D@std@@V?$allocator@D@2@@std@@V?$allocator@V?$basic_string@DU?$char_traits@D@std@@V?$allocator@D@2@@std@@@2@@std@@IEAAXXZ 0000000180006760 f i Merkel.obj
 0001:000058f0       ?_Growmap@?$deque@V?$basic_string@DU?$char_traits@D@std@@V?$allocator@D@2@@std@@V?$allocator@V?$basic_string@DU?$char_traits@D@std@@V?$allocator@D@2@@std@@@2@@std@@IEAAX_K@Z 00000001800068f0 f i Merkel.obj
 0001:00005b10       ?_Tidy@?$vector@V?$basic_string@DU?$char_traits@D@std@@V?$allocator@D@2@@std@@V?$allocator@V?$basic_string@DU?$char_traits@D@std@@V?$allocator@D@2@@std@@@2@@std@@IEAAXXZ 0000000180006b10 f i Merkel.obj
 0001:00005bc0       ?assign@?$basic_string@DU?$char_traits@D@std@@V?$allocator@D@2@@std@@QEAAAEAV12@_KD@Z 0000000180006bc0 f i Merkel.obj
 0001:00005cc0       ?assign@?$basic_string@DU?$char_traits@D@std@@V?$allocator@D@2@@std@@QEAAAEAV12@PEBD_K@Z 0000000180006cc0 f i Merkel.obj
 0001:00005df0       ?assign@?$basic_string@DU?$char_traits@D@std@@V?$allocator@D@2@@std@@QEAAAEAV12@AEBV12@_K1@Z 0000000180006df0 f i Merkel.obj
 0001:00005f20       ?append@?$basic_string@DU?$char_traits@D@std@@V?$allocator@D@2@@std@@QEAAAEAV12@_KD@Z 0000000180006f20 f i Merkel.obj
 0001:00006030       ?append@?$basic_string@DU?$char_traits@D@std@@V?$allocator@D@2@@std@@QEAAAEAV12@PEBD_K@Z 0000000180007030 f i Merkel.obj
 0001:00006180       ?append@?$basic_string@DU?$char_traits@D@std@@V?$allocator@D@2@@std@@QEAAAEAV12@AEBV12@_K1@Z 0000000180007180 f i Merkel.obj
 0001:000062b0       ?_Assign_rv@?$basic_string@DU?$char_traits@D@std@@V?$allocator@D@2@@std@@QEAAX$$QEAV12@@Z 00000001800072b0 f i Merkel.obj
 0001:00006330       ??_E?$num_put@DV?$ostreambuf_iterator@DU?$char_traits@D@std@@@std@@@std@@MEAAPEAXI@Z 0000000180007330 f i * CIL library *:* CIL module *
 0001:00006330       ??_G?$num_put@DV?$ostreambuf_iterator@DU?$char_traits@D@std@@@std@@@std@@MEAAPEAXI@Z 0000000180007330 f i Merkel.obj
 0001:00006330       ??_G?$codecvt@DDU_Mbstatet@@@std@@MEAAPEAXI@Z 0000000180007330 f i libcpmt:cout.obj
 0001:00006330       ??_E?$codecvt@DDU_Mbstatet@@@std@@MEAAPEAXI@Z 0000000180007330 f i libcpmt:cout.obj
 0001:00006360       ?do_truename@?$numpunct@D@std@@MEBA?AV?$basic_string@DU?$char_traits@D@std@@V?$allocator@D@2@@2@XZ 0000000180007360 f i Merkel.obj
 0001:000063b0       ?do_falsename@?$numpunct@D@std@@MEBA?AV?$basic_string@DU?$char_traits@D@std@@V?$allocator@D@2@@2@XZ 00000001800073b0 f i Merkel.obj
 0001:00006400       ?do_grouping@?$numpunct@D@std@@MEBA?AV?$basic_string@DU?$char_traits@D@std@@V?$allocator@D@2@@2@XZ 0000000180007400 f i Merkel.obj
 0001:00006450       ?do_thousands_sep@?$numpunct@D@std@@MEBADXZ 0000000180007450 f i Merkel.obj
 0001:00006460       ?do_decimal_point@?$numpunct@D@std@@MEBADXZ 0000000180007460 f i Merkel.obj
 0001:00006470       ?_Iput@?$num_put@DV?$ostreambuf_iterator@DU?$char_traits@D@std@@@std@@@std@@AEBA?AV?$ostreambuf_iterator@DU?$char_traits@D@std@@@2@V32@AEAVios_base@2@DPEAD_K@Z 0000000180007470 f i Merkel.obj
 0001:00006c50       ?_Fput@?$num_put@DV?$ostreambuf_iterator@DU?$char_traits@D@std@@@std@@@std@@AEBA?AV?$ostreambuf_iterator@DU?$char_traits@D@std@@@2@V32@AEAVios_base@2@DPEBD_K@Z 0000000180007c50 f i Merkel.obj
 0001:000074b0       ??D?$_Deque_const_iterator@V?$_Deque_val@U?$_Deque_simple_types@V?$basic_string@DU?$char_traits@D@std@@V?$allocator@D@2@@std@@@std@@@std@@@std@@QEBAAEBV?$basic_string@DU?$char_traits@D@std@@V?$allocator@D@2@@1@XZ 00000001800084b0 f i Merkel.obj
 0001:000074f0       ?_Copy@?$basic_string@DU?$char_traits@D@std@@V?$allocator@D@2@@std@@QEAAX_K0@Z 00000001800084f0 f i Merkel.obj
 0001:00007670       ?erase@?$basic_string@DU?$char_traits@D@std@@V?$allocator@D@2@@std@@QEAAAEAV12@_K0@Z 0000000180008670 f i Merkel.obj
 0001:00007740       ?flush@?$basic_ostream@DU?$char_traits@D@std@@@std@@QEAAAEAV12@XZ 0000000180008740 f i Merkel.obj
 0001:00007830       ??_G?$numpunct@D@std@@MEAAPEAXI@Z 0000000180008830 f i Merkel.obj
 0001:00007830       ??_E?$numpunct@D@std@@MEAAPEAXI@Z 0000000180008830 f i * CIL library *:* CIL module *
 0001:00007890       ??$use_facet@V?$ctype@D@std@@@std@@YAAEBV?$ctype@D@0@AEBVlocale@0@@Z 0000000180008890 f i Merkel.obj
 0001:000079c0       ??$_Immortalize@V_Iostream_error_category@std@@@std@@YAAEAV_Iostream_error_category@0@XZ 00000001800089c0 f i Merkel.obj
 0001:00007a40       ??$?6U?$char_traits@D@std@@@std@@YAAEAV?$basic_ostream@DU?$char_traits@D@std@@@0@AEAV10@PEBD@Z 0000000180008a40 f i Merkel.obj
 0001:00007c90       ??$?6DU?$char_traits@D@std@@V?$allocator@D@1@@std@@YAAEAV?$basic_ostream@DU?$char_traits@D@std@@@0@AEAV10@AEBV?$basic_string@DU?$char_traits@D@std@@V?$allocator@D@2@@0@@Z 0000000180008c90 f i Merkel.obj
 0001:00007ee0       ??$move_backward@V?$_Deque_iterator@V?$_Deque_val@U?$_Deque_simple_types@V?$basic_string@DU?$char_traits@D@std@@V?$allocator@D@2@@std@@@std@@@std@@@std@@V12@@std@@YA?AV?$_Deque_iterator@V?$_Deque_val@U?$_Deque_simple_types@V?$basic_string@DU?$char_traits@D@std@@V?$allocator@D@2@@std@@@std@@@std@@@0@V10@00@Z 0000000180008ee0 f i Merkel.obj
 0001:00008000       ??$use_facet@V?$num_put@DV?$ostreambuf_iterator@DU?$char_traits@D@std@@@std@@@std@@@std@@YAAEBV?$num_put@DV?$ostreambuf_iterator@DU?$char_traits@D@std@@@std@@@0@AEBVlocale@0@@Z 0000000180009000 f i Merkel.obj
 0001:00008180       ??$use_facet@V?$numpunct@D@std@@@std@@YAAEBV?$numpunct@D@0@AEBVlocale@0@@Z 0000000180009180 f i Merkel.obj
 0001:000082b0       ?_Getcat@?$numpunct@D@std@@SA_KPEAPEBVfacet@locale@2@PEBV42@@Z 00000001800092b0 f i Merkel.obj
 0001:00008370       ?setbuf@?$basic_streambuf@DU?$char_traits@D@std@@@std@@MEAAPEAV12@PEAD_J@Z 0000000180009370 f i libcpmt:cout.obj
 0001:00008370       ??0?$_Wrap_alloc@V?$allocator@V?$basic_string@DU?$char_traits@D@std@@V?$allocator@D@2@@std@@@std@@@std@@QEAA@XZ 0000000180009370 f i Merkel.obj
 0001:00008380       ?put@?$basic_ostream@DU?$char_traits@D@std@@@std@@QEAAAEAV12@D@Z 0000000180009380 f i Merkel.obj
 0001:000084d0       ?widen@?$basic_ios@DU?$char_traits@D@std@@@std@@QEBADD@Z 00000001800094d0 f i Merkel.obj
 0001:00008570       ?_Init@?$numpunct@D@std@@IEAAXAEBV_Locinfo@2@_N@Z 0000000180009570 f i Merkel.obj
 0001:000086f0       ??$_Move_no_deprecate@V?$_Deque_iterator@V?$_Deque_val@U?$_Deque_simple_types@V?$basic_string@DU?$char_traits@D@std@@V?$allocator@D@2@@std@@@std@@@std@@@std@@V12@@std@@YA?AV?$_Deque_iterator@V?$_Deque_val@U?$_Deque_simple_types@V?$basic_string@DU?$char_traits@D@std@@V?$allocator@D@2@@std@@@std@@@std@@@0@V10@00@Z 00000001800096f0 f i Merkel.obj
 0001:00008810       ??$_Destroy_range1@V?$allocator@V?$basic_string@DU?$char_traits@D@std@@V?$allocator@D@2@@std@@@std@@PEAV?$basic_string@DU?$char_traits@D@std@@V?$allocator@D@2@@2@@std@@YAXPEAV?$basic_string@DU?$char_traits@D@std@@V?$allocator@D@2@@0@0AEAU?$_Wrap_alloc@V?$allocator@V?$basic_string@DU?$char_traits@D@std@@V?$allocator@D@2@@std@@@std@@@0@U?$integral_constant@_N$0A@@0@@Z 0000000180009810 f i Merkel.obj
 0001:000088d0       ??$_Move_backward_unchecked1@V?$_Deque_unchecked_iterator@V?$_Deque_val@U?$_Deque_simple_types@V?$basic_string@DU?$char_traits@D@std@@V?$allocator@D@2@@std@@@std@@@std@@@std@@V12@@std@@YA?AV?$_Deque_unchecked_iterator@V?$_Deque_val@U?$_Deque_simple_types@V?$basic_string@DU?$char_traits@D@std@@V?$allocator@D@2@@std@@@std@@@std@@@0@V10@00U_General_ptr_iterator_tag@0@@Z 00000001800098d0 f i Merkel.obj
 0001:00008a60       ??$_Move_unchecked1@V?$_Deque_unchecked_iterator@V?$_Deque_val@U?$_Deque_simple_types@V?$basic_string@DU?$char_traits@D@std@@V?$allocator@D@2@@std@@@std@@@std@@@std@@V12@@std@@YA?AV?$_Deque_unchecked_iterator@V?$_Deque_val@U?$_Deque_simple_types@V?$basic_string@DU?$char_traits@D@std@@V?$allocator@D@2@@std@@@std@@@std@@@0@V10@00U_General_ptr_iterator_tag@0@@Z 0000000180009a60 f i Merkel.obj
 0001:00008c3c       __imp_load_?GetCurrent@Isolate@v8@@SAPEAV12@XZ 0000000180009c3c f   node:node.exe
 0001:00008c48       __tailMerge_node_exe       0000000180009c48 f i node:node.exe
 0001:00008cc1       __imp_load_??1HandleScope@v8@@QEAA@XZ 0000000180009cc1 f   node:node.exe
 0001:00008ccd       __imp_load_??0HandleScope@v8@@QEAA@PEAVIsolate@1@@Z 0000000180009ccd f   node:node.exe
 0001:00008cd9       __imp_load_?Length@Array@v8@@QEBAIXZ 0000000180009cd9 f   node:node.exe
 0001:00008ce5       __imp_load_?GetFunction@FunctionTemplate@v8@@QEAA?AV?$Local@VFunction@v8@@@2@XZ 0000000180009ce5 f   node:node.exe
 0001:00008cf1       __imp_load_?New@FunctionTemplate@v8@@SA?AV?$Local@VFunctionTemplate@v8@@@2@PEAVIsolate@2@P6AXAEBV?$FunctionCallbackInfo@VValue@v8@@@2@@ZV?$Local@VValue@v8@@@2@V?$Local@VSignature@v8@@@2@HW4ConstructorBehavior@2@@Z 0000000180009cf1 f   node:node.exe
 0001:00008cfd       __imp_load_?BooleanValue@Value@v8@@QEBA_NXZ 0000000180009cfd f   node:node.exe
 0001:00008d09       __imp_load_??1Utf8Value@String@v8@@QEAA@XZ 0000000180009d09 f   node:node.exe
 0001:00008d15       __imp_load_??0Utf8Value@String@v8@@QEAA@V?$Local@VValue@v8@@@2@@Z 0000000180009d15 f   node:node.exe
 0001:00008d21       __imp_load_?NewFromUtf8@String@v8@@SA?AV?$Local@VString@v8@@@2@PEAVIsolate@2@PEBDW4NewStringType@12@H@Z 0000000180009d21 f   node:node.exe
 0001:00008d2d       __imp_load_?Get@Object@v8@@QEAA?AV?$Local@VValue@v8@@@2@V32@@Z 0000000180009d2d f   node:node.exe
 0001:00008d39       __imp_load_?Get@Object@v8@@QEAA?AV?$Local@VValue@v8@@@2@I@Z 0000000180009d39 f   node:node.exe
 0001:00008d45       __imp_load_?Set@Object@v8@@QEAA_NV?$Local@VValue@v8@@@2@0@Z 0000000180009d45 f   node:node.exe
 0001:00008d51       __imp_load_?SetName@Function@v8@@QEAAXV?$Local@VString@v8@@@2@@Z 0000000180009d51 f   node:node.exe
 0001:00008d5d       __imp_load_node_module_register 0000000180009d5d f   node:node.exe
 0001:00008d6c       ??0_Init_locks@std@@QEAA@XZ 0000000180009d6c f   libcpmt:xlock.obj
 0001:00008db8       ??0_Lockit@std@@QEAA@H@Z   0000000180009db8 f   libcpmt:xlock.obj
 0001:00008df4       ??1_Init_locks@std@@QEAA@XZ 0000000180009df4 f   libcpmt:xlock.obj
 0001:00008e38       ??1_Lockit@std@@QEAA@XZ    0000000180009e38 f   libcpmt:xlock.obj
 0001:00008e6c       ??$use_facet@V?$codecvt@DDU_Mbstatet@@@std@@@std@@YAAEBV?$codecvt@DDU_Mbstatet@@@0@AEBVlocale@0@@Z 0000000180009e6c f i libcpmt:cout.obj
 0001:00008fa4       ??0?$basic_ostream@DU?$char_traits@D@std@@@std@@QEAA@PEAV?$basic_streambuf@DU?$char_traits@D@std@@@1@_N@Z 0000000180009fa4 f i libcpmt:cout.obj
 0001:0000906c       ??0?$basic_streambuf@DU?$char_traits@D@std@@@std@@IEAA@XZ 000000018000a06c f i libcpmt:cout.obj
 0001:0000911c       ??0_Init_cout@std@@QEAA@XZ 000000018000a11c f i libcpmt:cout.obj
 0001:00009188       ??0bad_cast@std@@QEAA@AEBV01@@Z 000000018000a188 f i libcpmt:cout.obj
 0001:000091c8       ??0bad_cast@std@@QEAA@XZ   000000018000a1c8 f i libcpmt:cout.obj
 0001:000091e8       ??0exception@std@@QEAA@AEBV01@@Z 000000018000a1e8 f i libcpmt:cout.obj
 0001:00009220       ??1?$basic_filebuf@DU?$char_traits@D@std@@@std@@UEAA@XZ 000000018000a220 f i libcpmt:cout.obj
 0001:000092cc       ??1?$basic_ios@DU?$char_traits@D@std@@@std@@UEAA@XZ 000000018000a2cc f i libcpmt:cout.obj
 0001:000092f0       ??_E?$basic_ostream@DU?$char_traits@D@std@@@std@@$4PPPPPPPM@A@EAAPEAXI@Z 000000018000a2f0 f i libcpmt:cout.obj
 0001:000092fc       ??_G?$basic_filebuf@DU?$char_traits@D@std@@@std@@UEAAPEAXI@Z 000000018000a2fc f i libcpmt:cout.obj
 0001:000092fc       ??_E?$basic_filebuf@DU?$char_traits@D@std@@@std@@UEAAPEAXI@Z 000000018000a2fc f i libcpmt:cout.obj
 0001:00009330       ??_E?$basic_ios@DU?$char_traits@D@std@@@std@@UEAAPEAXI@Z 000000018000a330 f i libcpmt:cout.obj
 0001:00009330       ??_G?$basic_ios@DU?$char_traits@D@std@@@std@@UEAAPEAXI@Z 000000018000a330 f i libcpmt:cout.obj
 0001:0000937c       ??_G?$basic_ostream@DU?$char_traits@D@std@@@std@@UEAAPEAXI@Z 000000018000a37c f i libcpmt:cout.obj
 0001:0000937c       ??_E?$basic_ostream@DU?$char_traits@D@std@@@std@@UEAAPEAXI@Z 000000018000a37c f i libcpmt:cout.obj
 0001:000093ec       ??_G?$basic_streambuf@DU?$char_traits@D@std@@@std@@UEAAPEAXI@Z 000000018000a3ec f i libcpmt:cout.obj
 0001:000093ec       ??_E?$basic_streambuf@DU?$char_traits@D@std@@@std@@UEAAPEAXI@Z 000000018000a3ec f i libcpmt:cout.obj
 0001:0000943c       ??_Eios_base@std@@UEAAPEAXI@Z 000000018000a43c f i libcpmt:cout.obj
 0001:0000943c       ??_Gios_base@std@@UEAAPEAXI@Z 000000018000a43c f i libcpmt:cout.obj
 0001:00009488       ??_Glocale@std@@QEAAPEAXI@Z 000000018000a488 f i libcpmt:cout.obj
 0001:00009518       ?_Endwrite@?$basic_filebuf@DU?$char_traits@D@std@@@std@@IEAA_NXZ 000000018000a518 f i libcpmt:cout.obj
 0001:000096cc       ?_Getcat@?$codecvt@DDU_Mbstatet@@@std@@SA_KPEAPEBVfacet@locale@2@PEBV42@@Z 000000018000a6cc f i libcpmt:cout.obj
 0001:00009790       ?_Init@?$basic_filebuf@DU?$char_traits@D@std@@@std@@IEAAXPEAU_iobuf@@W4_Initfl@12@@Z 000000018000a790 f i libcpmt:cout.obj
 0001:0000987c       ?_Init@ios_base@std@@IEAAXXZ 000000018000a87c f i libcpmt:cout.obj
 0001:000098fc       ?_Initcvt@?$basic_filebuf@DU?$char_traits@D@std@@@std@@IEAAXPEBV?$codecvt@DDU_Mbstatet@@@2@@Z 000000018000a8fc f i libcpmt:cout.obj
 0001:0000999c       ?_Lock@?$basic_filebuf@DU?$char_traits@D@std@@@std@@UEAAXXZ 000000018000a99c f i libcpmt:cout.obj
 0001:000099b8       ?_Unlock@?$basic_filebuf@DU?$char_traits@D@std@@@std@@UEAAXXZ 000000018000a9b8 f i libcpmt:cout.obj
 0001:000099d4       ?do_out@?$codecvt@DDU_Mbstatet@@@std@@MEBAHAEAU_Mbstatet@@PEBD1AEAPEBDPEAD3AEAPEAD@Z 000000018000a9d4 f i libcpmt:cout.obj
 0001:000099d4       ?do_in@?$codecvt@DDU_Mbstatet@@@std@@MEBAHAEAU_Mbstatet@@PEBD1AEAPEBDPEAD3AEAPEAD@Z 000000018000a9d4 f i libcpmt:cout.obj
 0001:000099f0       ?do_length@?$codecvt@DDU_Mbstatet@@@std@@MEBAHAEAU_Mbstatet@@PEBD1_K@Z 000000018000a9f0 f i libcpmt:cout.obj
 0001:00009a04       ?do_unshift@?$codecvt@DDU_Mbstatet@@@std@@MEBAHAEAU_Mbstatet@@PEAD1AEAPEAD@Z 000000018000aa04 f i libcpmt:cout.obj
 0001:00009a10       ?imbue@?$basic_filebuf@DU?$char_traits@D@std@@@std@@MEAAXAEBVlocale@2@@Z 000000018000aa10 f i libcpmt:cout.obj
 0001:00009a34       ?overflow@?$basic_filebuf@DU?$char_traits@D@std@@@std@@MEAAHH@Z 000000018000aa34 f i libcpmt:cout.obj
 0001:00009c94       ?pbackfail@?$basic_streambuf@DU?$char_traits@D@std@@@std@@MEAAHH@Z 000000018000ac94 f i libcpmt:cout.obj
 0001:00009c94       ?overflow@?$basic_streambuf@DU?$char_traits@D@std@@@std@@MEAAHH@Z 000000018000ac94 f i libcpmt:cout.obj
 0001:00009c94       ?underflow@?$basic_streambuf@DU?$char_traits@D@std@@@std@@MEAAHXZ 000000018000ac94 f i libcpmt:cout.obj
 0001:00009c98       ?pbackfail@?$basic_filebuf@DU?$char_traits@D@std@@@std@@MEAAHH@Z 000000018000ac98 f i libcpmt:cout.obj
 0001:00009d68       ?seekoff@?$basic_filebuf@DU?$char_traits@D@std@@@std@@MEAA?AV?$fpos@U_Mbstatet@@@2@_JHH@Z 000000018000ad68 f i libcpmt:cout.obj
 0001:00009e54       ?seekoff@?$basic_streambuf@DU?$char_traits@D@std@@@std@@MEAA?AV?$fpos@U_Mbstatet@@@2@_JHH@Z 000000018000ae54 f i libcpmt:cout.obj
 0001:00009e54       ?seekpos@?$basic_streambuf@DU?$char_traits@D@std@@@std@@MEAA?AV?$fpos@U_Mbstatet@@@2@V32@H@Z 000000018000ae54 f i libcpmt:cout.obj
 0001:00009e70       ?seekpos@?$basic_filebuf@DU?$char_traits@D@std@@@std@@MEAA?AV?$fpos@U_Mbstatet@@@2@V32@H@Z 000000018000ae70 f i libcpmt:cout.obj
 0001:00009f70       ?setbuf@?$basic_filebuf@DU?$char_traits@D@std@@@std@@MEAAPEAV?$basic_streambuf@DU?$char_traits@D@std@@@2@PEAD_J@Z 000000018000af70 f i libcpmt:cout.obj
 0001:00009fc4       ?sync@?$basic_filebuf@DU?$char_traits@D@std@@@std@@MEAAHXZ 000000018000afc4 f i libcpmt:cout.obj
 0001:0000a024       ?uflow@?$basic_filebuf@DU?$char_traits@D@std@@@std@@MEAAHXZ 000000018000b024 f i libcpmt:cout.obj
 0001:0000a2bc       ?uflow@?$basic_streambuf@DU?$char_traits@D@std@@@std@@MEAAHXZ 000000018000b2bc f i libcpmt:cout.obj
 0001:0000a308       ?underflow@?$basic_filebuf@DU?$char_traits@D@std@@@std@@MEAAHXZ 000000018000b308 f i libcpmt:cout.obj
 0001:0000a380       ?what@exception@std@@UEBAPEBDXZ 000000018000b380 f i libcpmt:cout.obj
 0001:0000a394       ?xsgetn@?$basic_streambuf@DU?$char_traits@D@std@@@std@@MEAA_JPEAD_J@Z 000000018000b394 f i libcpmt:cout.obj
 0001:0000a454       ?xsputn@?$basic_streambuf@DU?$char_traits@D@std@@@std@@MEAA_JPEBD_J@Z 000000018000b454 f i libcpmt:cout.obj
 0001:0000a518       ??4?$_Yarn@D@std@@QEAAAEAV01@PEBD@Z 000000018000b518 f i libcpmt:locale0.obj
 0001:0000a590       ??_G_Fac_node@std@@QEAAPEAXI@Z 000000018000b590 f i libcpmt:locale0.obj
 0001:0000a61c       ??_G_Locimp@locale@std@@MEAAPEAXI@Z 000000018000b61c f i libcpmt:locale0.obj
 0001:0000a61c       ??_E_Locimp@locale@std@@MEAAPEAXI@Z 000000018000b61c f i libcpmt:locale0.obj
 0001:0000a688       ?_Facet_Register@std@@YAXPEAV_Facet_base@1@@Z 000000018000b688 f   libcpmt:locale0.obj
 0001:0000a6c0       ?_Getgloballocale@locale@std@@CAPEAV_Locimp@12@XZ 000000018000b6c0 f   libcpmt:locale0.obj
 0001:0000a6c8       ?_Init@locale@std@@CAPEAV_Locimp@12@_N@Z 000000018000b6c8 f   libcpmt:locale0.obj
 0001:0000a784       ?_Locimp_dtor@_Locimp@locale@std@@CAXPEAV123@@Z 000000018000b784 f   libcpmt:locale0.obj
 0001:0000a82c       ?_Locinfo_ctor@_Locinfo@std@@SAXPEAV12@PEBD@Z 000000018000b82c f   libcpmt:locale0.obj
 0001:0000a898       ?_Locinfo_dtor@_Locinfo@std@@SAXPEAV12@@Z 000000018000b898 f   libcpmt:locale0.obj
 0001:0000a8bc       ?_New_Locimp@_Locimp@locale@std@@CAPEAV123@_N@Z 000000018000b8bc f   libcpmt:locale0.obj
 0001:0000a92c       ?_Setgloballocale@locale@std@@CAXPEAX@Z 000000018000b92c f   libcpmt:locale0.obj
 0001:0000a960       _Deletegloballocale        000000018000b960 f   libcpmt:locale0.obj
 0001:0000a9e8       ??0bad_alloc@std@@QEAA@AEBV01@@Z 000000018000b9e8 f i libcpmt:xthrow.obj
 0001:0000aa28       ??0bad_alloc@std@@QEAA@XZ  000000018000ba28 f i libcpmt:xthrow.obj
 0001:0000aa48       ??0length_error@std@@QEAA@AEBV01@@Z 000000018000ba48 f i libcpmt:xthrow.obj
 0001:0000aa88       ??0length_error@std@@QEAA@PEBD@Z 000000018000ba88 f i libcpmt:xthrow.obj
 0001:0000aad4       ??0logic_error@std@@QEAA@AEBV01@@Z 000000018000bad4 f i libcpmt:xthrow.obj
 0001:0000ab14       ??0out_of_range@std@@QEAA@AEBV01@@Z 000000018000bb14 f i libcpmt:xthrow.obj
 0001:0000ab54       ??0out_of_range@std@@QEAA@PEBD@Z 000000018000bb54 f i libcpmt:xthrow.obj
 0001:0000aba0       ??1bad_cast@std@@UEAA@XZ   000000018000bba0 f i libcpmt:cout.obj
 0001:0000aba0       ??1length_error@std@@UEAA@XZ 000000018000bba0 f i libcpmt:xthrow.obj
 0001:0000aba0       ??1bad_array_new_length@std@@UEAA@XZ 000000018000bba0 f i LIBCMT:throw_bad_alloc.obj
 0001:0000aba0       ??1out_of_range@std@@UEAA@XZ 000000018000bba0 f i libcpmt:xthrow.obj
 0001:0000aba0       ??1bad_exception@std@@UEAA@XZ 000000018000bba0 f i libvcruntime:frame.obj
 0001:0000aba0       ??1bad_alloc@std@@UEAA@XZ  000000018000bba0 f i libcpmt:xthrow.obj
 0001:0000abb4       ?_Xlength_error@std@@YAXPEBD@Z 000000018000bbb4 f   libcpmt:xthrow.obj
 0001:0000abd8       ?_Xout_of_range@std@@YAXPEBD@Z 000000018000bbd8 f   libcpmt:xthrow.obj
 0001:0000abfc       ?_Syserror_map@std@@YAPEBDH@Z 000000018000bbfc f   libcpmt:syserror.obj
 0001:0000ac24       _Getctype                  000000018000bc24 f   libcpmt:_tolower.obj
 0001:0000ace4       _Tolower                   000000018000bce4 f   libcpmt:_tolower.obj
 0001:0000ae0c       _Getcvt                    000000018000be0c f   libcpmt:xwctomb.obj
 0001:0000ae9c       _Toupper                   000000018000be9c f   libcpmt:_toupper.obj
 0001:0000afd4       _Mtxdst                    000000018000bfd4 f   libcpmt:xmtx.obj
 0001:0000afdc       _Mtxinit                   000000018000bfdc f   libcpmt:xmtx.obj
 0001:0000afec       _Mtxlock                   000000018000bfec f   libcpmt:xmtx.obj
 0001:0000aff4       _Mtxunlock                 000000018000bff4 f   libcpmt:xmtx.obj
 0001:0000affc       ?_Addstd@ios_base@std@@SAXPEAV12@@Z 000000018000bffc f   libcpmt:ios.obj
 0001:0000b06c       ?_Ios_base_dtor@ios_base@std@@CAXPEAV12@@Z 000000018000c06c f   libcpmt:ios.obj
 0001:0000b0b0       ?_Tidy@ios_base@std@@AEAAXXZ 000000018000c0b0 f i libcpmt:ios.obj
 0001:0000b140       ?_Atexit@@YAXP6AXXZ@Z      000000018000c140 f   libcpmt:iosptrs.obj
 0001:0000b180       __crtLCMapStringA          000000018000c180 f   libcpmt:StlLCMapStringA.obj
 0001:0000b93c       __crtInitializeCriticalSectionEx 000000018000c93c f   libcpmt:winapisupp.obj
 0001:0000b99c       GetTableIndexFromLocaleName 000000018000c99c f   libcpmt:winapinls.obj
 0001:0000ba28       __crtDownlevelLocaleNameToLCID 000000018000ca28 f   libcpmt:winapinls.obj
 0001:0000ba5c       __crtLCMapStringEx         000000018000ca5c f   libcpmt:winapinls.obj
 0001:0000bb18       __wcsnicmp_ascii           000000018000cb18 f   libcpmt:winapinls.obj
 0001:0000bb80       __security_check_cookie    000000018000cb80 f   LIBCMT:_amdsecgs_.obj
 0001:0000bcec       _Init_thread_footer        000000018000ccec f   LIBCMT:thread_safe_statics.obj
 0001:0000bd4c       _Init_thread_header        000000018000cd4c f   LIBCMT:thread_safe_statics.obj
 0001:0000bdb4       _Init_thread_notify        000000018000cdb4 f   LIBCMT:thread_safe_statics.obj
 0001:0000be10       _Init_thread_wait          000000018000ce10 f   LIBCMT:thread_safe_statics.obj
 0001:0000bea8       __raise_securityfailure    000000018000cea8 f   LIBCMT:gs_report.obj
 0001:0000bedc       __report_gsfailure         000000018000cedc f   LIBCMT:gs_report.obj
 0001:0000bfb0       __report_rangecheckfailure 000000018000cfb0 f   LIBCMT:gs_report.obj
 0001:0000bfc4       __report_securityfailure   000000018000cfc4 f   LIBCMT:gs_report.obj
 0001:0000c144       ??2@YAPEAX_K@Z             000000018000d144 f   LIBCMT:new_scalar.obj
 0001:0000c180       __scrt_acquire_startup_lock 000000018000d180 f   LIBCMT:utility.obj
 0001:0000c1bc       __scrt_dllmain_after_initialize_c 000000018000d1bc f   LIBCMT:utility.obj
 0001:0000c1f0       __scrt_dllmain_before_initialize_c 000000018000d1f0 f   LIBCMT:utility.obj
 0001:0000c208       __scrt_dllmain_crt_thread_attach 000000018000d208 f   LIBCMT:utility.obj
 0001:0000c230       __scrt_dllmain_crt_thread_detach 000000018000d230 f   LIBCMT:utility.obj
 0001:0000c248       __scrt_dllmain_exception_filter 000000018000d248 f   LIBCMT:utility.obj
 0001:0000c2ac       __scrt_dllmain_uninitialize_c 000000018000d2ac f   LIBCMT:utility.obj
 0001:0000c2dc       __scrt_dllmain_uninitialize_critical 000000018000d2dc f   LIBCMT:utility.obj
 0001:0000c2f0       __scrt_initialize_crt      000000018000d2f0 f   LIBCMT:utility.obj
 0001:0000c33c       __scrt_initialize_onexit_tables 000000018000d33c f   LIBCMT:utility.obj
 0001:0000c408       __scrt_is_nonwritable_in_current_image 000000018000d408 f   LIBCMT:utility.obj
 0001:0000c4a4       __scrt_release_startup_lock 000000018000d4a4 f   LIBCMT:utility.obj
 0001:0000c4c8       __scrt_uninitialize_crt    000000018000d4c8 f   LIBCMT:utility.obj
 0001:0000c4f4       _onexit                    000000018000d4f4 f   LIBCMT:utility.obj
 0001:0000c544       atexit                     000000018000d544 f   LIBCMT:utility.obj
 0001:0000c55c       ??3@YAXPEAX@Z              000000018000d55c f   LIBCMT:delete_scalar.obj
 0001:0000c564       ??3@YAXPEAX_K@Z            000000018000d564 f   LIBCMT:delete_scalar_size.obj
 0001:0000c564       ??_V@YAXPEAX@Z             000000018000d564 f   LIBCMT:delete_array.obj
 0001:0000c8b8       _DllMainCRTStartup         000000018000d8b8 f   LIBCMT:dll_dllmain.obj
 0001:0000c8f8       __GSHandlerCheck           000000018000d8f8 f   LIBCMT:_gshandler_.obj
 0001:0000c918       __GSHandlerCheckCommon     000000018000d918 f   LIBCMT:_gshandler_.obj
 0001:0000c974       __GSHandlerCheck_EH        000000018000d974 f   LIBCMT:gshandlereh.obj
 0001:0000c9f4       _guard_check_icall         000000018000d9f4 f i LIBCMT:checkcfg.obj
 0001:0000c9fc       ??_Etype_info@@UEAAPEAXI@Z 000000018000d9fc f i LIBCMT:std_type_info_static.obj
 0001:0000c9fc       ??_Gtype_info@@UEAAPEAXI@Z 000000018000d9fc f i LIBCMT:std_type_info_static.obj
 0001:0000ca40       _alloca_probe              000000018000da40 f   LIBCMT:_chkstk_.obj
 0001:0000ca40       __chkstk                   000000018000da40 f   LIBCMT:_chkstk_.obj
 0001:0000ca94       __crt_debugger_hook        000000018000da94 f   LIBCMT:utility_desktop.obj
 0001:0000ca9c       __scrt_fastfail            000000018000da9c f   LIBCMT:utility_desktop.obj
 0001:0000cbe4       ??0bad_array_new_length@std@@QEAA@AEBV01@@Z 000000018000dbe4 f i LIBCMT:throw_bad_alloc.obj
 0001:0000cc24       ??0bad_array_new_length@std@@QEAA@XZ 000000018000dc24 f i LIBCMT:throw_bad_alloc.obj
 0001:0000cc44       ?_Xbad_alloc@std@@YAXXZ    000000018000dc44 f   libcpmt:xthrow.obj
 0001:0000cc44       ?__scrt_throw_std_bad_alloc@@YAXXZ 000000018000dc44 f   LIBCMT:throw_bad_alloc.obj
 0001:0000cc64       ?__scrt_throw_std_bad_array_new_length@@YAXXZ 000000018000dc64 f   LIBCMT:throw_bad_alloc.obj
 0001:0000cc84       __isa_available_init       000000018000dc84 f   LIBCMT:_cpu_disp_.obj
 0001:0000ce4c       __scrt_is_ucrt_dll_in_use  000000018000de4c f   LIBCMT:ucrt_detection.obj
 0001:0000ce58       __security_init_cookie     000000018000de58 f   LIBCMT:gs_support.obj
 0001:0000cf04       ?do_encoding@codecvt_base@std@@MEBAHXZ 000000018000df04 f   libcpmt:cout.obj
 0001:0000cf04       _get_startup_argv_mode     000000018000df04 f   LIBCMT:argv_mode.obj
 0001:0000cf04       ?do_max_length@codecvt_base@std@@MEBAHXZ 000000018000df04 f   libcpmt:cout.obj
 0001:0000cf04       DllMain                    000000018000df04 f   LIBCMT:dll_dllmain_stub.obj
 0001:0000cf0c       ?__scrt_initialize_type_info@@YAXXZ 000000018000df0c f   LIBCMT:tncleanup.obj
 0001:0000cf1c       ?__scrt_uninitialize_type_info@@YAXXZ 000000018000df1c f   LIBCMT:tncleanup.obj
 0001:0000cf28       __local_stdio_scanf_options 000000018000df28 f i LIBCMT:default_local_stdio_options.obj
 0001:0000cf30       __scrt_initialize_default_local_stdio_options 000000018000df30 f   LIBCMT:default_local_stdio_options.obj
 0001:0000cf4c       __scrt_get_dyn_tls_init_callback 000000018000df4c f   LIBCMT:dyn_tls_init.obj
 0001:0000cf54       _RTC_Initialize            000000018000df54 f   LIBCMT:_initsect_.obj
 0001:0000cfa0       _RTC_Terminate             000000018000dfa0 f   LIBCMT:_initsect_.obj
 0001:0000d000       memmove                    000000018000e000 f   libvcruntime:memcpy.obj
 0001:0000d000       memcpy                     000000018000e000 f   libvcruntime:memcpy.obj
 0001:0000d438       _purecall                  000000018000e438 f   libvcruntime:purevirt.obj
 0001:0000d474       __DestructExceptionObject  000000018000e474 f   libvcruntime:frame.obj
 0001:0000d4fc       ??0bad_exception@std@@QEAA@AEBV01@@Z 000000018000e4fc f i libvcruntime:frame.obj
 0001:0000d53c       ??0bad_exception@std@@QEAA@XZ 000000018000e53c f i libvcruntime:frame.obj
 0001:0000d55c       ??_Gexception@std@@UEAAPEAXI@Z 000000018000e55c f i libcpmt:cout.obj
 0001:0000d55c       ??_Gbad_exception@std@@UEAAPEAXI@Z 000000018000e55c f i libvcruntime:frame.obj
 0001:0000d55c       ??_Ebad_array_new_length@std@@UEAAPEAXI@Z 000000018000e55c f i LIBCMT:throw_bad_alloc.obj
 0001:0000d55c       ??_Gbad_array_new_length@std@@UEAAPEAXI@Z 000000018000e55c f i LIBCMT:throw_bad_alloc.obj
 0001:0000d55c       ??_Glength_error@std@@UEAAPEAXI@Z 000000018000e55c f i libcpmt:xthrow.obj
 0001:0000d55c       ??_Eout_of_range@std@@UEAAPEAXI@Z 000000018000e55c f i libcpmt:xthrow.obj
 0001:0000d55c       ??_Ebad_cast@std@@UEAAPEAXI@Z 000000018000e55c f i libcpmt:cout.obj
 0001:0000d55c       ??_Gout_of_range@std@@UEAAPEAXI@Z 000000018000e55c f i libcpmt:xthrow.obj
 0001:0000d55c       ??_Elogic_error@std@@UEAAPEAXI@Z 000000018000e55c f i libcpmt:xthrow.obj
 0001:0000d55c       ??_Gbad_cast@std@@UEAAPEAXI@Z 000000018000e55c f i libcpmt:cout.obj
 0001:0000d55c       ??_Eexception@std@@UEAAPEAXI@Z 000000018000e55c f i libcpmt:cout.obj
 0001:0000d55c       ??_Glogic_error@std@@UEAAPEAXI@Z 000000018000e55c f i libcpmt:xthrow.obj
 0001:0000d55c       ??_Ebad_exception@std@@UEAAPEAXI@Z 000000018000e55c f i libvcruntime:frame.obj
 0001:0000d55c       ??_Ebad_alloc@std@@UEAAPEAXI@Z 000000018000e55c f i libcpmt:xthrow.obj
 0001:0000d55c       ??_Elength_error@std@@UEAAPEAXI@Z 000000018000e55c f i libcpmt:xthrow.obj
 0001:0000d55c       ??_Gbad_alloc@std@@UEAAPEAXI@Z 000000018000e55c f i libcpmt:xthrow.obj
 0001:0000defc       ?_CallMemberFunction0@@YAXPEAXP6AX0@Z@Z 000000018000eefc f i libvcruntime:frame.obj
 0001:0000df00       ?_CallMemberFunction1@@YAXPEAXP6AX0@Z0@Z 000000018000ef00 f i libvcruntime:frame.obj
 0001:0000df0c       ?_CallMemberFunction2@@YAXPEAXP6AX0@Z0H@Z 000000018000ef0c f i libvcruntime:frame.obj
 0001:0000df1c       __AdjustPointer            000000018000ef1c f   libvcruntime:frame.obj
 0001:0000df40       __BuildCatchObject         000000018000ef40 f   libvcruntime:frame.obj
 0001:0000e004       __BuildCatchObjectHelper   000000018000f004 f   libvcruntime:frame.obj
 0001:0000e1e4       __CxxCallCatchBlock        000000018000f1e4 f   libvcruntime:frame.obj
 0001:0000e3d0       __FrameUnwindFilter        000000018000f3d0 f   libvcruntime:frame.obj
 0001:0000e41c       __FrameUnwindToState       000000018000f41c f   libvcruntime:frame.obj
 0001:0000e5b0       __InternalCxxFrameHandler  000000018000f5b0 f   libvcruntime:frame.obj
 0001:0000e808       __TypeMatch                000000018000f808 f   libvcruntime:frame.obj
 0001:0000e948       __std_terminate            000000018000f948 f   libvcruntime:frame.obj
 0001:0000e954       __std_exception_copy       000000018000f954 f   libvcruntime:std_exception.obj
 0001:0000e9e4       __std_exception_destroy    000000018000f9e4 f   libvcruntime:std_exception.obj
 0001:0000ea0c       _CxxThrowException         000000018000fa0c f   libvcruntime:throw.obj
 0001:0000eae4       ?_ExecutionInCatch@@YAHPEAU_xDISPATCHER_CONTEXT@@PEBU_s_FuncInfo@@@Z 000000018000fae4 f   libvcruntime:trnsctrl.obj
 0001:0000eb58       ?_GetEstablisherFrame@@YAPEA_KPEA_KPEAU_xDISPATCHER_CONTEXT@@PEBU_s_FuncInfo@@0@Z 000000018000fb58 f   libvcruntime:trnsctrl.obj
 0001:0000ec24       ?_GetRangeOfTrysToCheck@@YAPEBU_s_TryBlockMapEntry@@PEA_KPEBU_s_FuncInfo@@HHPEAI2PEAU_xDISPATCHER_CONTEXT@@@Z 000000018000fc24 f   libvcruntime:trnsctrl.obj
 0001:0000ed50       ?__FrameUnwindToEmptyState@@YAXPEA_KPEAU_xDISPATCHER_CONTEXT@@PEBU_s_FuncInfo@@@Z 000000018000fd50 f   libvcruntime:trnsctrl.obj
 0001:0000ede4       ?__SehTransFilter@@YAHPEAU_EXCEPTION_POINTERS@@PEAUEHExceptionRecord@@PEA_KPEAU_CONTEXT@@PEAU_xDISPATCHER_CONTEXT@@PEBU_s_FuncInfo@@PEAH@Z 000000018000fde4 f   libvcruntime:trnsctrl.obj
 0001:0000ee7c       _CallSETranslator          000000018000fe7c f   libvcruntime:trnsctrl.obj
 0001:0000eed4       _CreateFrameInfo           000000018000fed4 f   libvcruntime:trnsctrl.obj
 0001:0000ef10       _FindAndUnlinkFrame        000000018000ff10 f   libvcruntime:trnsctrl.obj
 0001:0000ef68       _GetImageBase              000000018000ff68 f   libvcruntime:trnsctrl.obj
 0001:0000ef7c       _GetThrowImageBase         000000018000ff7c f   libvcruntime:trnsctrl.obj
 0001:0000ef90       _IsExceptionObjectToBeDestroyed 000000018000ff90 f   libvcruntime:trnsctrl.obj
 0001:0000efc0       _SetImageBase              000000018000ffc0 f   libvcruntime:trnsctrl.obj
 0001:0000efd8       _SetThrowImageBase         000000018000ffd8 f   libvcruntime:trnsctrl.obj
 0001:0000eff0       _UnwindNestedFrames        000000018000fff0 f   libvcruntime:trnsctrl.obj
 0001:0000f114       __CxxFrameHandler3         0000000180010114 f   libvcruntime:trnsctrl.obj
 0001:0000f1b0       memset                     00000001800101b0 f   libvcruntime:memset.obj
 0001:0000f360       memcmp                     0000000180010360 f   libvcruntime:memcmp.obj
 0001:0000f5f0       __vcrt_FlsAlloc            00000001800105f0 f   libvcruntime:winapi_downlevel.obj
 0001:0000f644       __vcrt_FlsFree             0000000180010644 f   libvcruntime:winapi_downlevel.obj
 0001:0000f698       __vcrt_FlsGetValue         0000000180010698 f   libvcruntime:winapi_downlevel.obj
 0001:0000f6ec       __vcrt_FlsSetValue         00000001800106ec f   libvcruntime:winapi_downlevel.obj
 0001:0000f754       __vcrt_InitializeCriticalSectionEx 0000000180010754 f   libvcruntime:winapi_downlevel.obj
 0001:0000f7cc       __vcrt_initialize_winapi_thunks 00000001800107cc f   libvcruntime:winapi_downlevel.obj
 0001:0000f818       __vcrt_uninitialize_winapi_thunks 0000000180010818 f   libvcruntime:winapi_downlevel.obj
 0001:0000f858       __vcrt_initialize          0000000180010858 f   libvcruntime:initialization.obj
 0001:0000f88c       __vcrt_thread_attach       000000018001088c f   libvcruntime:initialization.obj
 0001:0000f8a0       __vcrt_thread_detach       00000001800108a0 f   libvcruntime:initialization.obj
 0001:0000f8b4       __vcrt_uninitialize        00000001800108b4 f   libvcruntime:initialization.obj
 0001:0000f8d4       __vcrt_uninitialize_critical 00000001800108d4 f   libvcruntime:initialization.obj
 0001:0000f8e4       __C_specific_handler       00000001800108e4 f   libvcruntime:_chandler_.obj
 0001:0000fae0       __std_type_info_compare    0000000180010ae0 f   libvcruntime:std_type_info.obj
 0001:0000fb08       __std_type_info_destroy_list 0000000180010b08 f   libvcruntime:std_type_info.obj
 0001:0000fb34       __vcrt_initialize_pure_virtual_call_handler 0000000180010b34 f   libvcruntime:purevirt_data.obj
 0001:0000fb58       __vcrt_freefls             0000000180010b58 f   libvcruntime:per_thread_data.obj
 0001:0000fb78       __vcrt_freeptd             0000000180010b78 f   libvcruntime:per_thread_data.obj
 0001:0000fbc8       __vcrt_getptd              0000000180010bc8 f   libvcruntime:per_thread_data.obj
 0001:0000fbe4       __vcrt_getptd_noexit       0000000180010be4 f   libvcruntime:per_thread_data.obj
 0001:0000fc9c       __vcrt_initialize_ptd      0000000180010c9c f   libvcruntime:per_thread_data.obj
 0001:0000fcdc       __vcrt_uninitialize_ptd    0000000180010cdc f   libvcruntime:per_thread_data.obj
 0001:0000fd00       ?__GetCurrentState@@YAHPEA_KPEAU_xDISPATCHER_CONTEXT@@PEBU_s_FuncInfo@@@Z 0000000180010d00 f   libvcruntime:ehstate.obj
 0001:0000fd28       ?__GetUnwindTryBlock@@YAHPEA_KPEAU_xDISPATCHER_CONTEXT@@PEBU_s_FuncInfo@@@Z 0000000180010d28 f   libvcruntime:ehstate.obj
 0001:0000fd54       ?__SetState@@YAXPEA_KPEAU_xDISPATCHER_CONTEXT@@PEBU_s_FuncInfo@@H@Z 0000000180010d54 f   libvcruntime:ehstate.obj
 0001:0000fd60       ?__SetUnwindTryBlock@@YAXPEA_KPEAU_xDISPATCHER_CONTEXT@@PEBU_s_FuncInfo@@H@Z 0000000180010d60 f   libvcruntime:ehstate.obj
 0001:0000fd9c       ?__StateFromControlPc@@YAHPEBU_s_FuncInfo@@PEAU_xDISPATCHER_CONTEXT@@@Z 0000000180010d9c f   libvcruntime:ehstate.obj
 0001:0000fda4       ?__StateFromIp@@YAHPEBU_s_FuncInfo@@PEAU_xDISPATCHER_CONTEXT@@_J@Z 0000000180010da4 f   libvcruntime:ehstate.obj
 0001:0000fe20       _CallSettingFrame          0000000180010e20 f   libvcruntime:handlers.obj
 0001:0000fe70       _local_unwind              0000000180010e70 f   libvcruntime:_jmpuwind_.obj
 0001:0000fea0       _NLG_Notify                0000000180010ea0 f   libvcruntime:_jmpuwind_.obj
 0001:0000fec0       __NLG_Dispatch2            0000000180010ec0 f   libvcruntime:_jmpuwind_.obj
 0001:0000fed0       __NLG_Return2              0000000180010ed0 f   libvcruntime:_jmpuwind_.obj
 0001:0000fed4       __vcrt_initialize_locks    0000000180010ed4 f   libvcruntime:locks.obj
 0001:0000ff1c       __vcrt_uninitialize_locks  0000000180010f1c f   libvcruntime:locks.obj
 0001:0000ff54       abort                      0000000180010f54 f   libucrt:abort.obj
 0001:0000ffac       calloc                     0000000180010fac f   libucrt:calloc.obj
 0001:0000ffb4       __acrt_call_reportfault    0000000180010fb4 f   libucrt:invalid_parameter.obj
 0001:00010110       __acrt_initialize_invalid_parameter_handler 0000000180011110 f   libucrt:invalid_parameter.obj
 0001:00010118       _invalid_parameter         0000000180011118 f   libucrt:invalid_parameter.obj
 0001:000101c0       _invalid_parameter_noinfo  00000001800111c0 f   libucrt:invalid_parameter.obj
 0001:000101e0       _invalid_parameter_noinfo_noreturn 00000001800111e0 f   libucrt:invalid_parameter.obj
 0001:00010210       _invoke_watson             0000000180011210 f   libucrt:invalid_parameter.obj
 0001:00010258       log2                       0000000180011258 f   libucrt:log2.obj
 0001:0001059c       strcspn                    000000018001159c f   libucrt:strcspn.obj
 0001:000107e4       ??$ensure_buffer_is_big_enough@D@formatting_buffer@__crt_stdio_output@@QEAA_N_K@Z 00000001800117e4 f i libucrt:output.obj
 0001:00010890       ??$is_wide_character_specifier@D@__crt_stdio_output@@YA_N_KDW4length_modifier@0@@Z 0000000180011890 f i libucrt:output.obj
 0001:000108c0       ??$type_case_integer_parse_into_buffer@I@?$output_processor@DV?$string_output_adapter@D@__crt_stdio_output@@V?$format_validation_base@DV?$string_output_adapter@D@__crt_stdio_output@@@2@@__crt_stdio_output@@AEAAXII_N@Z 00000001800118c0 f i libucrt:output.obj
 0001:0001095c       ??$type_case_integer_parse_into_buffer@_K@?$output_processor@DV?$string_output_adapter@D@__crt_stdio_output@@V?$format_validation_base@DV?$string_output_adapter@D@__crt_stdio_output@@@2@@__crt_stdio_output@@AEAAX_KI_N@Z 000000018001195c f i libucrt:output.obj
 0001:000109f8       ??$write_multiple_characters@V?$string_output_adapter@D@__crt_stdio_output@@D@__crt_stdio_output@@YAXAEBV?$string_output_adapter@D@0@DHQEAH@Z 00000001800119f8 f i libucrt:output.obj
 0001:00010a54       ??0?$output_processor@DV?$string_output_adapter@D@__crt_stdio_output@@V?$format_validation_base@DV?$string_output_adapter@D@__crt_stdio_output@@@2@@__crt_stdio_output@@QEAA@AEBV?$string_output_adapter@D@1@_KQEBDQEAU__crt_locale_pointers@@QEAD@Z 0000000180011a54 f i libucrt:output.obj
 0001:00010ad0       ??0_LocaleUpdate@@QEAA@QEAU__crt_locale_pointers@@@Z 0000000180011ad0 f i libucrt:output.obj
 0001:00010b60       ?force_decimal_point@__crt_stdio_output@@YAXPEADQEAU__crt_locale_pointers@@@Z 0000000180011b60 f i libucrt:output.obj
 0001:00010bd0       ?parse_int_from_format_string@?$output_processor@DV?$string_output_adapter@D@__crt_stdio_output@@V?$format_validation_base@DV?$string_output_adapter@D@__crt_stdio_output@@@2@@__crt_stdio_output@@AEAA_NQEAH@Z 0000000180011bd0 f i libucrt:output.obj
 0001:00010c54       ?process@?$output_processor@DV?$string_output_adapter@D@__crt_stdio_output@@V?$format_validation_base@DV?$string_output_adapter@D@__crt_stdio_output@@@2@@__crt_stdio_output@@QEAAHXZ 0000000180011c54 f i libucrt:output.obj
 0001:00010e68       ?state_case_normal@?$output_processor@DV?$string_output_adapter@D@__crt_stdio_output@@V?$format_validation_base@DV?$string_output_adapter@D@__crt_stdio_output@@@2@@__crt_stdio_output@@AEAA_NXZ 0000000180011e68 f i libucrt:output.obj
 0001:00010edc       ?state_case_normal_tchar@?$output_processor@DV?$string_output_adapter@D@__crt_stdio_output@@V?$format_validation_base@DV?$string_output_adapter@D@__crt_stdio_output@@@2@@__crt_stdio_output@@AEAA_ND@Z 0000000180011edc f i libucrt:output.obj
 0001:00010f74       ?state_case_size@?$output_processor@DV?$string_output_adapter@D@__crt_stdio_output@@V?$format_validation_base@DV?$string_output_adapter@D@__crt_stdio_output@@@2@@__crt_stdio_output@@AEAA_NXZ 0000000180011f74 f i libucrt:output.obj
 0001:000110f0       ?state_case_type@?$output_processor@DV?$string_output_adapter@D@__crt_stdio_output@@V?$format_validation_base@DV?$string_output_adapter@D@__crt_stdio_output@@@2@@__crt_stdio_output@@AEAA_NXZ 00000001800120f0 f i libucrt:output.obj
 0001:0001136c       ?type_case_Z@?$output_processor@DV?$string_output_adapter@D@__crt_stdio_output@@V?$format_validation_base@DV?$string_output_adapter@D@__crt_stdio_output@@@2@@__crt_stdio_output@@AEAA_NXZ 000000018001236c f i libucrt:output.obj
 0001:000113ec       ?type_case_a@?$output_processor@DV?$string_output_adapter@D@__crt_stdio_output@@V?$format_validation_base@DV?$string_output_adapter@D@__crt_stdio_output@@@2@@__crt_stdio_output@@AEAA_NXZ 00000001800123ec f i libucrt:output.obj
 0001:00011608       ?type_case_c_tchar@?$output_processor@DV?$string_output_adapter@D@__crt_stdio_output@@V?$format_validation_base@DV?$string_output_adapter@D@__crt_stdio_output@@@2@@__crt_stdio_output@@AEAA_ND@Z 0000000180012608 f i libucrt:output.obj
 0001:000116bc       ?type_case_integer@?$output_processor@DV?$string_output_adapter@D@__crt_stdio_output@@V?$format_validation_base@DV?$string_output_adapter@D@__crt_stdio_output@@@2@@__crt_stdio_output@@AEAA_NI_N@Z 00000001800126bc f i libucrt:output.obj
 0001:0001185c       ?type_case_n@?$output_processor@DV?$string_output_adapter@D@__crt_stdio_output@@V?$format_validation_base@DV?$string_output_adapter@D@__crt_stdio_output@@@2@@__crt_stdio_output@@AEAA_NXZ 000000018001285c f i libucrt:output.obj
 0001:00011938       ?type_case_s@?$output_processor@DV?$string_output_adapter@D@__crt_stdio_output@@V?$format_validation_base@DV?$string_output_adapter@D@__crt_stdio_output@@@2@@__crt_stdio_output@@AEAA_NXZ 0000000180012938 f i libucrt:output.obj
 0001:000119c8       ?write_stored_string_tchar@?$output_processor@DV?$string_output_adapter@D@__crt_stdio_output@@V?$format_validation_base@DV?$string_output_adapter@D@__crt_stdio_output@@@2@@__crt_stdio_output@@AEAA_ND@Z 00000001800129c8 f i libucrt:output.obj
 0001:00011aa0       ?write_string@?$string_output_adapter@D@__crt_stdio_output@@QEBAXQEBDHQEAH1@Z 0000000180012aa0 f i libucrt:output.obj
 0001:00011b5c       __stdio_common_vsprintf_s  0000000180012b5c f   libucrt:output.obj
 0001:00011bc0       localeconv                 0000000180012bc0 f   libucrt:localeconv.obj
 0001:00011bf4       free                       0000000180012bf4 f   libucrt:free.obj
 0001:00011bfc       frexp                      0000000180012bfc f   libucrt:frexp.obj
 0001:00011cf4       __ascii_stricmp            0000000180012cf4 f   libucrt:stricmp.obj
 0001:00011d30       _stricmp                   0000000180012d30 f   libucrt:stricmp.obj
 0001:00011d78       _stricmp_l                 0000000180012d78 f   libucrt:stricmp.obj
 0001:00011e2c       __acrt_initialize_locks    0000000180012e2c f   libucrt:locks.obj
 0001:00011e74       __acrt_lock                0000000180012e74 f   libucrt:locks.obj
 0001:00011e90       __acrt_uninitialize_locks  0000000180012e90 f   libucrt:locks.obj
 0001:00011ec8       __acrt_unlock              0000000180012ec8 f   libucrt:locks.obj
 0001:00011ee4       _lock_locales              0000000180012ee4 f   libucrt:locks.obj
 0001:00011ef4       _unlock_locales            0000000180012ef4 f   libucrt:locks.obj
 0001:00011f04       __acrt_errno_from_os_error 0000000180012f04 f   libucrt:errno.obj
 0001:00011f4c       __acrt_errno_map_os_error  0000000180012f4c f   libucrt:errno.obj
 0001:00011f9c       __doserrno                 0000000180012f9c f   libucrt:errno.obj
 0001:00011fbc       _errno                     0000000180012fbc f   libucrt:errno.obj
 0001:00011fdc       __acrt_initialize_stdio    0000000180012fdc f   libucrt:_file.obj
 0001:000120fc       __acrt_iob_func            00000001800130fc f   libucrt:_file.obj
 0001:00012110       __acrt_uninitialize_stdio  0000000180013110 f   libucrt:_file.obj
 0001:0001216c       _get_stream_buffer_pointers 000000018001316c f   libucrt:_file.obj
 0001:000121b4       _lock_file                 00000001800131b4 f   libucrt:_file.obj
 0001:000121c0       _unlock_file               00000001800131c0 f   libucrt:_file.obj
 0001:000121cc       _fclose_nolock             00000001800131cc f   libucrt:fclose.obj
 0001:00012250       fclose                     0000000180013250 f   libucrt:fclose.obj
 0001:000122bc       __acrt_stdio_flush_nolock  00000001800132bc f   libucrt:fflush.obj
 0001:00012334       _fflush_nolock             0000000180013334 f   libucrt:fflush.obj
 0001:00012380       _flushall                  0000000180013380 f   libucrt:fflush.obj
 0001:00012470       fflush                     0000000180013470 f   libucrt:fflush.obj
 0001:000124b4       _fgetc_nolock              00000001800134b4 f   libucrt:fgetc.obj
 0001:000124f8       fgetc                      00000001800134f8 f   libucrt:fgetc.obj
 0001:000125fc       fgetpos                    00000001800135fc f   libucrt:fgetpos.obj
 0001:00012648       fputc                      0000000180013648 f   libucrt:fputc.obj
 0001:00012768       fsetpos                    0000000180013768 f   libucrt:fsetpos.obj
 0001:00012a14       _fseeki64                  0000000180013a14 f   libucrt:fseek.obj
 0001:00012a1c       ??$?RV<lambda_5d4c3fee44080f75d5d9762853974fe0>@@AEAV<lambda_532e024f4337e6fc7ad266c2bef9f4ed>@@V<lambda_c87bdc10097eb2402edb8ba9bdf0697b>@@@?$__crt_seh_guarded_call@_K@@QEAA_K$$QEAV<lambda_5d4c3fee44080f75d5d9762853974fe0>@@AEAV<lambda_532e024f4337e6fc7ad266c2bef9f4ed>@@$$QEAV<lambda_c87bdc10097eb2402edb8ba9bdf0697b>@@@Z 0000000180013a1c f i libucrt:fwrite.obj
 0001:00012ac0       _fwrite_nolock             0000000180013ac0 f   libucrt:fwrite.obj
 0001:00012c5c       fwrite                     0000000180013c5c f   libucrt:fwrite.obj
 0001:00012ce0       ??$?RV<lambda_7a5ef57ff966f610505f1d28a3d40618>@@AEAV<lambda_b721fa326cdb32351d23dfa67958c160>@@V<lambda_5e0fb27672408a07956fe59e48ccb2aa>@@@?$__crt_seh_guarded_call@H@@QEAAH$$QEAV<lambda_7a5ef57ff966f610505f1d28a3d40618>@@AEAV<lambda_b721fa326cdb32351d23dfa67958c160>@@$$QEAV<lambda_5e0fb27672408a07956fe59e48ccb2aa>@@@Z 0000000180013ce0 f i libucrt:setvbuf.obj
 0001:00012e10       setvbuf                    0000000180013e10 f   libucrt:setvbuf.obj
 0001:00012eb0       _ungetc_nolock             0000000180013eb0 f   libucrt:ungetc.obj
 0001:00012fc0       ungetc                     0000000180013fc0 f   libucrt:ungetc.obj
 0001:00013020       malloc                     0000000180014020 f   libucrt:malloc.obj
 0001:00013110       setlocale                  0000000180014110 f   libucrt:setlocale.obj
 0001:000132dc       _calloc_base               00000001800142dc f   libucrt:calloc_base.obj
 0001:00013354       __pctype_func              0000000180014354 f   libucrt:ctype.obj
 0001:00013384       isdigit                    0000000180014384 f i libucrt:_ctype.obj
 0001:000133f8       islower                    00000001800143f8 f i libucrt:_ctype.obj
 0001:0001346c       isupper                    000000018001446c f i libucrt:_ctype.obj
 0001:000134e0       _wcsdup                    00000001800144e0 f   libucrt:wcsdup.obj
 0001:00013564       ___lc_codepage_func        0000000180014564 f   libucrt:initctype.obj
 0001:00013594       ___lc_locale_name_func     0000000180014594 f   libucrt:initctype.obj
 0001:000135c8       ___mb_cur_max_func         00000001800145c8 f   libucrt:initctype.obj
 0001:000135f8       __acrt_locale_initialize_ctype 00000001800145f8 f   libucrt:initctype.obj
 0001:00013c44       _ismbblead                 0000000180014c44 f   libucrt:ismbbyte.obj
 0001:00013c58       _malloc_base               0000000180014c58 f   libucrt:malloc_base.obj
 0001:00013cb8       _realloc_base              0000000180014cb8 f   libucrt:realloc_base.obj
 0001:00013d40       ?divide@__crt_strtox@@YA_KAEAUbig_integer@1@AEBU21@@Z 0000000180014d40 f i libucrt:strtod.obj
 0001:000142a0       pow                        00000001800152a0 f   libucrt:pow.obj
 0001:00015940       powf                       0000000180016940 f   libucrt:powf.obj
 0001:00016808       __strncnt                  0000000180017808 f   libucrt:strncnt.obj
 0001:00016820       _free_base                 0000000180017820 f   libucrt:free_base.obj
 0001:000168b0       _tolower_l                 00000001800178b0 f   libucrt:tolower_toupper.obj
 0001:000169f0       tolower                    00000001800179f0 f   libucrt:tolower_toupper.obj
 0001:00016a1c       wcscpy_s                   0000000180017a1c f   libucrt:wcscpy_s.obj
 0001:00016a84       strnlen                    0000000180017a84 f   libucrt:strnlen.obj
 0001:00016be0       wcsnlen                    0000000180017be0 f   libucrt:strnlen.obj
 0001:00016dd0       __acrt_initialize_new_handler 0000000180017dd0 f   libucrt:new_handler.obj
 0001:00016dd8       _callnewh                  0000000180017dd8 f   libucrt:new_handler.obj
 0001:00016e18       _query_new_handler         0000000180017e18 f   libucrt:new_handler.obj
 0001:00016e4c       _seh_filter_dll            0000000180017e4c f   libucrt:exception_filter.obj
 0001:00016e60       _seh_filter_exe            0000000180017e60 f   libucrt:exception_filter.obj
 0001:00017220       __acrt_initialize_thread_local_exit_callback 0000000180018220 f   libucrt:exit.obj
 0001:00017228       _cexit                     0000000180018228 f   libucrt:exit.obj
 0001:00017238       _exit                      0000000180018238 f   libucrt:exit.obj
 0001:00017244       _is_c_termination_complete 0000000180018244 f   libucrt:exit.obj
 0001:00017408       __acrt_allocate_buffer_for_argv 0000000180018408 f   libucrt:argv_parsing.obj
 0001:0001746c       _configure_narrow_argv     000000018001846c f   libucrt:argv_parsing.obj
 0001:000177c8       __dcrt_uninitialize_environments_nolock 00000001800187c8 f   libucrt:environment_initialization.obj
 0001:00017800       _initialize_narrow_environment 0000000180018800 f   libucrt:environment_initialization.obj
 0001:00017808       ??$?RV<lambda_b8c45f8f788dd370798f47cfe8ac3a86>@@AEAV<lambda_4e60a939b0d047cfe11ddc22648dfba9>@@V<lambda_332c3edc96d0294ec56c57d38c1cdfd5>@@@?$__crt_seh_guarded_call@H@@QEAAH$$QEAV<lambda_b8c45f8f788dd370798f47cfe8ac3a86>@@AEAV<lambda_4e60a939b0d047cfe11ddc22648dfba9>@@$$QEAV<lambda_332c3edc96d0294ec56c57d38c1cdfd5>@@@Z 0000000180018808 f i libucrt:onexit.obj
 0001:00017844       ??$?RV<lambda_e24bbb7b643b32fcea6fa61b31d4c984>@@AEAV<lambda_275893d493268fdec8709772e3fcec0e>@@V<lambda_9d71df4d7cf3f480f8d633942495c3b0>@@@?$__crt_seh_guarded_call@H@@QEAAH$$QEAV<lambda_e24bbb7b643b32fcea6fa61b31d4c984>@@AEAV<lambda_275893d493268fdec8709772e3fcec0e>@@$$QEAV<lambda_9d71df4d7cf3f480f8d633942495c3b0>@@@Z 0000000180018844 f i libucrt:onexit.obj
 0001:00017bc0       _crt_atexit                0000000180018bc0 f   libucrt:onexit.obj
 0001:00017bd0       _execute_onexit_table      0000000180018bd0 f   libucrt:onexit.obj
 0001:00017c0c       _initialize_onexit_table   0000000180018c0c f   libucrt:onexit.obj
 0001:00017c4c       _register_onexit_function  0000000180018c4c f   libucrt:onexit.obj
 0001:00017dc8       __acrt_initialize          0000000180018dc8 f   libucrt:initialization.obj
 0001:00017ddc       __acrt_thread_attach       0000000180018ddc f   libucrt:initialization.obj
 0001:00017df0       __acrt_thread_detach       0000000180018df0 f   libucrt:initialization.obj
 0001:00017e00       __acrt_uninitialize        0000000180018e00 f   libucrt:initialization.obj
 0001:00017e14       __acrt_uninitialize_critical 0000000180018e14 f   libucrt:initialization.obj
 0001:00017e24       _initterm                  0000000180018e24 f   libucrt:initterm.obj
 0001:00017e9c       _initterm_e                0000000180018e9c f   libucrt:initterm.obj
 0001:00017ee8       terminate                  0000000180018ee8 f   libucrt:terminate.obj
 0001:00017f10       strcpy_s                   0000000180018f10 f   libucrt:strcpy_s.obj
 0001:00017f70       ??$is_overflow_condition@K@__crt_strtox@@YA_NIK@Z 0000000180018f70 f i libucrt:atox.obj
 0001:00017f9c       ??$make_c_string_character_source@_W$$T@__crt_strtox@@YA?AV?$c_string_character_source@_W@0@QEB_W$$T@Z 0000000180018f9c f i libucrt:atox.obj
 0001:00017f9c       ??$make_c_string_character_source@DPEAPEAD@__crt_strtox@@YA?AV?$c_string_character_source@D@0@QEBDQEAPEAD@Z 0000000180018f9c f i libucrt:strtod.obj
 0001:00017fb0       ??$parse_integer@KV?$c_string_character_source@D@__crt_strtox@@@__crt_strtox@@YAKQEAU__crt_locale_pointers@@V?$c_string_character_source@D@0@H_N@Z 0000000180018fb0 f i libucrt:atox.obj
 0001:000182c4       ??$parse_integer@KV?$c_string_character_source@_W@__crt_strtox@@@__crt_strtox@@YAKQEAU__crt_locale_pointers@@V?$c_string_character_source@_W@0@H_N@Z 00000001800192c4 f i libucrt:atox.obj
 0001:00018998       _wtol                      0000000180019998 f   libucrt:atox.obj
 0001:000189c4       ??$?RV<lambda_c36588078e9f5dfd39652860aa6b3aaf>@@AEAV<lambda_ec61778202f4f5fc7e7711acc23c3bca>@@V<lambda_dc9d2797ccde5d239b4a0efae8ebd7db>@@@?$__crt_seh_guarded_call@P6AXH@Z@@QEAAP6AXH@Z$$QEAV<lambda_c36588078e9f5dfd39652860aa6b3aaf>@@AEAV<lambda_ec61778202f4f5fc7e7711acc23c3bca>@@$$QEAV<lambda_dc9d2797ccde5d239b4a0efae8ebd7db>@@@Z 00000001800199c4 f i libucrt:signal.obj
 0001:00018a0c       __acrt_get_sigabrt_handler 0000000180019a0c f   libucrt:signal.obj
 0001:00018a3c       __acrt_initialize_signal_handlers 0000000180019a3c f   libucrt:signal.obj
 0001:00018a5c       raise                      0000000180019a5c f   libucrt:signal.obj
 0001:00018cf8       ??$?RV<lambda_46352004c1216016012b18bd6f87e700>@@AEAV<lambda_3bd07e1a1191394380780325891bf33f>@@V<lambda_334532d3f185bcaa59b5be82d7d22bff>@@@?$__crt_seh_guarded_call@X@@QEAAX$$QEAV<lambda_46352004c1216016012b18bd6f87e700>@@AEAV<lambda_3bd07e1a1191394380780325891bf33f>@@$$QEAV<lambda_334532d3f185bcaa59b5be82d7d22bff>@@@Z 0000000180019cf8 f i libucrt:per_thread_data.obj
 0001:00018d58       ??$?RV<lambda_5e887d1dcbef67a5eb4283622ba103bf>@@AEAV<lambda_4466841279450cc726390878d4a41900>@@V<lambda_341c25c0346d94847f1f3c463c57e077>@@@?$__crt_seh_guarded_call@X@@QEAAX$$QEAV<lambda_5e887d1dcbef67a5eb4283622ba103bf>@@AEAV<lambda_4466841279450cc726390878d4a41900>@@$$QEAV<lambda_341c25c0346d94847f1f3c463c57e077>@@@Z 0000000180019d58 f i libucrt:per_thread_data.obj
 0001:00018da0       ??$?RV<lambda_72d1df2b273a38828b1ce30cbf4cdab5>@@AEAV<lambda_876a65b173b8412d3a47c70a915b0cf4>@@V<lambda_41932305e351933ebe8f8be3ed8bb5dc>@@@?$__crt_seh_guarded_call@X@@QEAAX$$QEAV<lambda_72d1df2b273a38828b1ce30cbf4cdab5>@@AEAV<lambda_876a65b173b8412d3a47c70a915b0cf4>@@$$QEAV<lambda_41932305e351933ebe8f8be3ed8bb5dc>@@@Z 0000000180019da0 f i libucrt:per_thread_data.obj
 0001:00018de0       ??$?RV<lambda_fb3a7dec4e47f37f22dae91bb15c9095>@@AEAV<lambda_698284760c8add0bfb0756c19673e34b>@@V<lambda_dfb8eca1e75fef3034a8fb18dd509707>@@@?$__crt_seh_guarded_call@X@@QEAAX$$QEAV<lambda_fb3a7dec4e47f37f22dae91bb15c9095>@@AEAV<lambda_698284760c8add0bfb0756c19673e34b>@@$$QEAV<lambda_dfb8eca1e75fef3034a8fb18dd509707>@@@Z 0000000180019de0 f i libucrt:per_thread_data.obj
 0001:00019070       __acrt_freeptd             000000018001a070 f   libucrt:per_thread_data.obj
 0001:000190b4       __acrt_getptd              000000018001a0b4 f   libucrt:per_thread_data.obj
 0001:00019148       __acrt_getptd_noexit       000000018001a148 f   libucrt:per_thread_data.obj
 0001:000191e8       __acrt_initialize_ptd      000000018001a1e8 f   libucrt:per_thread_data.obj
 0001:00019224       __acrt_uninitialize_ptd    000000018001a224 f   libucrt:per_thread_data.obj
 0001:0001936c       _handle_error              000000018001a36c f   libucrt:libm_error.obj
 0001:00019494       _handle_errorf             000000018001a494 f   libucrt:libm_error.obj
 0001:000195c8       _handle_nan                000000018001a5c8 f   libucrt:libm_error.obj
 0001:000195e4       _handle_nanf               000000018001a5e4 f   libucrt:libm_error.obj
 0001:000195f4       strtol                     000000018001a5f4 f   libucrt:strtox.obj
 0001:00019624       _mbtowc_l                  000000018001a624 f   libucrt:mbtowc.obj
 0001:0001976c       mbtowc                     000000018001a76c f   libucrt:mbtowc.obj
 0001:00019774       _wctomb_s_l                000000018001a774 f   libucrt:wctomb.obj
 0001:000198f8       wctomb_s                   000000018001a8f8 f   libucrt:wctomb.obj
 0001:0001990c       __acrt_update_locale_info  000000018001a90c f   libucrt:locale_update.obj
 0001:00019940       __acrt_update_multibyte_info 000000018001a940 f   libucrt:locale_update.obj
 0001:00019974       ?__acrt_fp_classify@@YA?AW4__acrt_fp_class@@AEBN@Z 000000018001a974 f i libucrt:cvt.obj
 0001:0001a3ac       __acrt_fp_format           000000018001b3ac f   libucrt:cvt.obj
 0001:0001a5f0       _fileno                    000000018001b5f0 f   libucrt:fileno.obj
 0001:0001a618       _get_printf_count_output   000000018001b618 f   libucrt:printf_count_output.obj
 0001:0001a630       __acrt_stdio_begin_temporary_buffering_nolock 000000018001b630 f   libucrt:_sftbuf.obj
 0001:0001a700       __acrt_stdio_end_temporary_buffering_nolock 000000018001b700 f   libucrt:_sftbuf.obj
 0001:0001a73c       ?showmanyc@?$basic_streambuf@DU?$char_traits@D@std@@@std@@MEAA_JXZ 000000018001b73c f   libcpmt:cout.obj
 0001:0001a73c       ?sync@?$basic_streambuf@DU?$char_traits@D@std@@@std@@MEAAHXZ 000000018001b73c f   libcpmt:cout.obj
 0001:0001a740       ??$?RV<lambda_5df02c53a8f32f81fd64e5bbb78039f1>@@AEAV<lambda_2af78c5f5901b1372d98f9ab3177dfa6>@@AEAV<lambda_f51fe5fd7c79a33db34fc9310f277369>@@@?$__crt_seh_guarded_call@X@@QEAAX$$QEAV<lambda_5df02c53a8f32f81fd64e5bbb78039f1>@@AEAV<lambda_2af78c5f5901b1372d98f9ab3177dfa6>@@AEAV<lambda_f51fe5fd7c79a33db34fc9310f277369>@@@Z 000000018001b740 f i libucrt:wsetlocale.obj
 0001:0001a76c       ??$?RV<lambda_d67e8342c384adda8f857579ab50b2ae>@@AEAV<lambda_30712929f77e709619002f448b6a9510>@@V<lambda_4525336fd7e478d965fb7ca7a337cad8>@@@?$__crt_seh_guarded_call@X@@QEAAX$$QEAV<lambda_d67e8342c384adda8f857579ab50b2ae>@@AEAV<lambda_30712929f77e709619002f448b6a9510>@@$$QEAV<lambda_4525336fd7e478d965fb7ca7a337cad8>@@@Z 000000018001b76c f i libucrt:wsetlocale.obj
 0001:0001a938       __acrt_copy_locale_name    000000018001b938 f   libucrt:wsetlocale.obj
 0001:0001a9bc       __acrt_set_locale_changed  000000018001b9bc f   libucrt:wsetlocale.obj
 0001:0001a9c8       __acrt_uninitialize_locale 000000018001b9c8 f   libucrt:wsetlocale.obj
 0001:0001aa10       __lc_lctowcs               000000018001ba10 f   libucrt:wsetlocale.obj
 0001:0001aab4       __lc_wcstolc               000000018001bab4 f   libucrt:wsetlocale.obj
 0001:0001ad2c       _expandlocale              000000018001bd2c f   libucrt:wsetlocale.obj
 0001:0001b128       _wcscats                   000000018001c128 f   libucrt:wsetlocale.obj
 0001:0001b190       _wsetlocale                000000018001c190 f   libucrt:wsetlocale.obj
 0001:0001bbc4       __acrt_initialize_lowio    000000018001cbc4 f   libucrt:ioinit.obj
 0001:0001bc00       __acrt_uninitialize_lowio  000000018001cc00 f   libucrt:ioinit.obj
 0001:0001bc40       _dsign                     000000018001cc40 f   libucrt:nan.obj
 0001:0001bc58       _errcode                   000000018001cc58 f   libucrt:fpexcept.obj
 0001:0001bc9c       _except1                   000000018001cc9c f   libucrt:fpexcept.obj
 0001:0001bd90       _handle_exc                000000018001cd90 f   libucrt:fpexcept.obj
 0001:0001bff8       _raise_exc                 000000018001cff8 f   libucrt:fpexcept.obj
 0001:0001c020       _raise_exc_ex              000000018001d020 f   libucrt:fpexcept.obj
 0001:0001c328       _raise_excf                000000018001d328 f   libucrt:fpexcept.obj
 0001:0001c354       _set_errno_from_matherr    000000018001d354 f   libucrt:fpexcept.obj
 0001:0001c384       _umatherr                  000000018001d384 f   libucrt:fpexcept.obj
 0001:0001c458       _decomp                    000000018001d458 f   libucrt:util.obj
 0001:0001c58c       _sptype                    000000018001d58c f   libucrt:util.obj
 0001:0001c600       _clrfp                     000000018001d600 f   libucrt:fpctrl.obj
 0001:0001c620       _ctrlfp                    000000018001d620 f   libucrt:fpctrl.obj
 0001:0001c69c       _set_statfp                000000018001d69c f   libucrt:fpctrl.obj
 0001:0001c6bc       _statfp                    000000018001d6bc f   libucrt:fpctrl.obj
 0001:0001c714       ??$?RV<lambda_630b2aca97f6d20d5b5ea6529ea6b6af>@@AEAV<lambda_af91936f1d075d609f72d9d8cba980af>@@V<lambda_e82fa975f615b5c7c7b0e4d178fdae67>@@@?$__crt_seh_guarded_call@H@@QEAAH$$QEAV<lambda_630b2aca97f6d20d5b5ea6529ea6b6af>@@AEAV<lambda_af91936f1d075d609f72d9d8cba980af>@@$$QEAV<lambda_e82fa975f615b5c7c7b0e4d178fdae67>@@@Z 000000018001d714 f i libucrt:winapi_thunks.obj
 0001:0001c94c       __acrt_EnumSystemLocalesEx 000000018001d94c f   libucrt:winapi_thunks.obj
 0001:0001c9f4       __acrt_FlsAlloc            000000018001d9f4 f   libucrt:winapi_thunks.obj
 0001:0001ca4c       __acrt_FlsFree             000000018001da4c f   libucrt:winapi_thunks.obj
 0001:0001caa4       __acrt_FlsGetValue         000000018001daa4 f   libucrt:winapi_thunks.obj
 0001:0001cafc       __acrt_FlsSetValue         000000018001dafc f   libucrt:winapi_thunks.obj
 0001:0001cb64       __acrt_GetLocaleInfoEx     000000018001db64 f   libucrt:winapi_thunks.obj
 0001:0001cbfc       __acrt_GetUserDefaultLocaleName 000000018001dbfc f   libucrt:winapi_thunks.obj
 0001:0001cc70       __acrt_InitializeCriticalSectionEx 000000018001dc70 f   libucrt:winapi_thunks.obj
 0001:0001cce8       __acrt_IsValidLocaleName   000000018001dce8 f   libucrt:winapi_thunks.obj
 0001:0001cd50       __acrt_LCIDToLocaleName    000000018001dd50 f   libucrt:winapi_thunks.obj
 0001:0001cddc       __acrt_LCMapStringEx       000000018001dddc f   libucrt:winapi_thunks.obj
 0001:0001cecc       __acrt_LocaleNameToLCID    000000018001decc f   libucrt:winapi_thunks.obj
 0001:0001cf34       __acrt_can_use_vista_locale_apis 000000018001df34 f   libucrt:winapi_thunks.obj
 0001:0001cf64       __acrt_initialize_winapi_thunks 000000018001df64 f   libucrt:winapi_thunks.obj
 0001:0001cf9c       __acrt_is_packaged_app     000000018001df9c f   libucrt:winapi_thunks.obj
 0001:0001d024       __acrt_uninitialize_winapi_thunks 000000018001e024 f   libucrt:winapi_thunks.obj
 0001:0001d068       _fcloseall                 000000018001e068 f   libucrt:closeall.obj
 0001:0001d11c       __acrt_stdio_free_buffer_nolock 000000018001e11c f   libucrt:_freebuf.obj
 0001:0001d15c       ??$?RV<lambda_bfedae4ebbf01fab1bb6dcc6a9e276e0>@@AEAV<lambda_2fe9b910cf3cbf4a0ab98a02ba45b3ec>@@V<lambda_237c231691f317818eb88cc1d5d642d6>@@@?$__crt_seh_guarded_call@H@@QEAAH$$QEAV<lambda_bfedae4ebbf01fab1bb6dcc6a9e276e0>@@AEAV<lambda_2fe9b910cf3cbf4a0ab98a02ba45b3ec>@@$$QEAV<lambda_237c231691f317818eb88cc1d5d642d6>@@@Z 000000018001e15c f i libucrt:close.obj
 0001:0001d1d0       _close                     000000018001e1d0 f   libucrt:close.obj
 0001:0001d274       _close_nolock              000000018001e274 f   libucrt:close.obj
 0001:0001d330       ?__acrt_stdio_free_stream@@YAXV__crt_stdio_stream@@@Z 000000018001e330 f   libucrt:stream.obj
 0001:0001d374       ??$?RV<lambda_b521505b218e5242e90febf6bfebc422>@@AEAV<lambda_6978c1fb23f02e42e1d9e99668cc68aa>@@V<lambda_314360699dd331753a4119843814e9a7>@@@?$__crt_seh_guarded_call@H@@QEAAH$$QEAV<lambda_b521505b218e5242e90febf6bfebc422>@@AEAV<lambda_6978c1fb23f02e42e1d9e99668cc68aa>@@$$QEAV<lambda_314360699dd331753a4119843814e9a7>@@@Z 000000018001e374 f i libucrt:commit.obj
 0001:0001d400       _commit                    000000018001e400 f   libucrt:commit.obj
 0001:0001da34       _write                     000000018001ea34 f   libucrt:write.obj
 0001:0001db20       _write_nolock              000000018001eb20 f   libucrt:write.obj
 0001:0001dfac       __acrt_stdio_refill_and_read_narrow_nolock 000000018001efac f   libucrt:_filbuf.obj
 0001:0001e470       _ftelli64                  000000018001f470 f   libucrt:ftell.obj
 0001:0001e478       _ftelli64_nolock           000000018001f478 f   libucrt:ftell.obj
 0001:0001e584       __acrt_stdio_flush_and_write_narrow_nolock 000000018001f584 f   libucrt:_flsbuf.obj
 0001:0001e7f8       _lseeki64                  000000018001f7f8 f   libucrt:lseek.obj
 0001:0001e800       _lseeki64_nolock           000000018001f800 f   libucrt:lseek.obj
 0001:0001e808       __acrt_stdio_allocate_buffer_nolock 000000018001f808 f   libucrt:_getbuf.obj
 0001:0001ea48       _mbstowcs_s_l              000000018001fa48 f   libucrt:mbstowcs.obj
 0001:0001eb78       mbstowcs_s                 000000018001fb78 f   libucrt:mbstowcs.obj
 0001:0001eecc       _wcstombs_s_l              000000018001fecc f   libucrt:wcstombs.obj
 0001:0001efb8       _query_new_mode            000000018001ffb8 f   libucrt:new_mode.obj
 0001:0001efc0       __acrt_initialize_heap     000000018001ffc0 f   libucrt:heap_handle.obj
 0001:0001efdc       __acrt_uninitialize_heap   000000018001ffdc f   libucrt:heap_handle.obj
 0001:0001efe8       _isctype_l                 000000018001ffe8 f   libucrt:isctype.obj
 0001:0001f298       __acrt_GetLocaleInfoA      0000000180020298 f   libucrt:getlocaleinfoa.obj
 0001:0001f460       __acrt_GetStringTypeA      0000000180020460 f   libucrt:getstringtypea.obj
 0001:0001f970       __acrt_LCMapStringA        0000000180020970 f   libucrt:lcmapstringa.obj
 0001:0001fa08       iswctype                   0000000180020a08 f   libucrt:iswctype.obj
 0001:0001fa80       __acrt_initialize_fma3     0000000180020a80 f   libucrt:fma3_available.obj
 0001:0001faf0       _pow_special               0000000180020af0 f   libucrt:pow_special.obj
 0001:0001fc14       _powf_special              0000000180020c14 f   libucrt:pow_special.obj
 0001:0001fda0       _wcsicmp                   0000000180020da0 f   libucrt:wcsicmp.obj
 0001:0001fe28       _wcsicmp_l                 0000000180020e28 f   libucrt:wcsicmp.obj
 0001:0001ff18       __acrt_initialize_timeset  0000000180020f18 f   libucrt:timeset.obj
 0001:0001ff48       _isleadbyte_l              0000000180020f48 f i libucrt:_wctype.obj
 0001:00020464       ?expand_if_necessary@?$argument_list@D@?A0xca0879c4@@AEAAHXZ 0000000180021464 f i libucrt:argv_wildcards.obj
 0001:0002052c       __acrt_expand_narrow_argv_wildcards 000000018002152c f   libucrt:argv_wildcards.obj
[...]
 0004:00001fc8       $pdata$??$common_xtox_s@K_W@@YAHKQEA_W_KI_N@Z 0000000180043fc8     libucrt:xtoa.obj
 0004:00001fd4       $pdata$_itow_s             0000000180043fd4     libucrt:xtoa.obj
 0004:00001fe0       $pdata$_wcsnicmp           0000000180043fe0     libucrt:wcsnicmp.obj
 0004:00001fec       $pdata$_wcsnicmp_l         0000000180043fec     libucrt:wcsnicmp.obj
 0004:00001ff8       $pdata$__dcrt_lowio_initialize_console_output 0000000180043ff8     libucrt:initcon.obj
 0004:00002004       $pdata$__dcrt_terminate_console_output 0000000180044004     libucrt:initcon.obj
 0004:00002010       $pdata$_clearfp            0000000180044010     libucrt:ieee.obj
 0004:0000201c       $pdata$common_control87    000000018004401c     libucrt:ieee.obj
 0004:00002028       $pdata$__acrt_LCMapStringW 0000000180044028     libucrt:lcmapstringw.obj
 0004:00002034       $pdata$_log10_special      0000000180044034     libucrt:log_special.obj
 0004:00002040       $pdata$_log_special_common 0000000180044040     libucrt:log_special.obj
 0004:0000204c       $pdata$?DloadAcquireSectionWriteAccess@@YAXXZ 000000018004404c     DelayImp:delayhlp.obj
 0004:00002058       $pdata$?DloadGetSRWLockFunctionPointers@@YAEXZ 0000000180044058     DelayImp:delayhlp.obj
 0004:00002064       $pdata$?DloadMakePermanentImageCommit@@YAXPEAX_K@Z 0000000180044064     DelayImp:delayhlp.obj
 0004:00002070       $pdata$?DloadObtainSection@@YAPEAXPEAK0@Z 0000000180044070     DelayImp:delayhlp.obj
 0004:0000207c       $pdata$?DloadProtectSection@@YAXKPEAK@Z 000000018004407c     DelayImp:delayhlp.obj
 0004:00002088       $pdata$?DloadReleaseSectionWriteAccess@@YAXXZ 0000000180044088     DelayImp:delayhlp.obj
 0004:00002094       $pdata$__delayLoadHelper2  0000000180044094     DelayImp:delayhlp.obj
 0004:000020a0       $pdata$_IsNonwritableInCurrentImage 00000001800440a0     LIBCMT:pesect.obj
 0004:000020ac       $pdata$strrchr             00000001800440ac     libvcruntime:strrchr.obj
 0004:000020b8       $pdata$wcschr              00000001800440b8     libvcruntime:wcschr.obj
 0004:000020d0       $pdata$?dtor$0@?0???0?$basic_ostream@DU?$char_traits@D@std@@@std@@QEAA@PEAV?$basic_streambuf@DU?$char_traits@D@std@@@1@_N@Z@4HA 00000001800440d0     libcpmt:cout.obj
 0004:000020dc       $pdata$?dtor$0@?0??_Getcat@?$codecvt@DDU_Mbstatet@@@std@@SA_KPEAPEBVfacet@locale@2@PEBV42@@Z@4HA 00000001800440dc     libcpmt:cout.obj
 0004:000020e8       $pdata$__scrt_is_nonwritable_in_current_image$filt$0 00000001800440e8     LIBCMT:utility.obj
 0004:000020f4       $pdata$?fin$0@?0??dllmain_crt_process_attach@@YAHQEAUHINSTANCE__@@QEAX@Z@4HA 00000001800440f4     LIBCMT:dll_dllmain.obj
 0004:00002100       $pdata$?fin$0@?0??dllmain_crt_process_detach@@YAH_N@Z@4HA 0000000180044100     LIBCMT:dll_dllmain.obj
 0004:0000210c       $pdata$?filt$0@?0??dllmain_dispatch@@YAHQEAUHINSTANCE__@@KQEAX@Z@4HA 000000018004410c     LIBCMT:dll_dllmain.obj
 0004:00002118       $pdata$__CxxCallCatchBlock$filt$0 0000000180044118     libvcruntime:frame.obj
 0004:00002124       $pdata$__CxxCallCatchBlock$fin$1 0000000180044124     libvcruntime:frame.obj
 0004:00002130       $pdata$__DestructExceptionObject$filt$0 0000000180044130     libvcruntime:frame.obj
 0004:0000213c       $pdata$__FrameUnwindToState$filt$0 000000018004413c     libvcruntime:frame.obj
 0004:00002148       $pdata$__FrameUnwindToState$fin$1 0000000180044148     libvcruntime:frame.obj
 0004:00002154       $pdata$_CallSETranslator$filt$0 0000000180044154     libvcruntime:trnsctrl.obj
 0004:00002160       $pdata$common_flush_all$fin$0 0000000180044160     libucrt:fflush.obj
 0004:0000216c       $pdata$common_flush_all$fin$1 000000018004416c     libucrt:fflush.obj
 0004:00002178       $pdata$fclose$fin$0        0000000180044178     libucrt:fclose.obj
 0004:00002178       $pdata$fflush$fin$0        0000000180044178     libucrt:fflush.obj
 0004:00002184       $pdata$fgetc$fin$0         0000000180044184     libucrt:fgetc.obj
 0004:00002190       $pdata$fputc$fin$0         0000000180044190     libucrt:fputc.obj
 0004:0000219c       $pdata$?fin$0@?0???$?RV<lambda_5d4c3fee44080f75d5d9762853974fe0>@@AEAV<lambda_532e024f4337e6fc7ad266c2bef9f4ed>@@V<lambda_c87bdc10097eb2402edb8ba9bdf0697b>@@@?$__crt_seh_guarded_call@_K@@QEAA_K$$QEAV<lambda_5d4c3fee44080f75d5d9762853974fe0>@@AEAV<lambda_532e024f4337e6fc7ad266c2bef9f4ed>@@$$QEAV<lambda_c87bdc10097eb2402edb8ba9bdf0697b>@@@Z@4HA 000000018004419c     libucrt:fwrite.obj
 0004:0000219c       $pdata$?fin$0@?0???$?RV<lambda_7a5ef57ff966f610505f1d28a3d40618>@@AEAV<lambda_b721fa326cdb32351d23dfa67958c160>@@V<lambda_5e0fb27672408a07956fe59e48ccb2aa>@@@?$__crt_seh_guarded_call@H@@QEAAH$$QEAV<lambda_7a5ef57ff966f610505f1d28a3d40618>@@AEAV<lambda_b721fa326cdb32351d23dfa67958c160>@@$$QEAV<lambda_5e0fb27672408a07956fe59e48ccb2aa>@@@Z@4HA 000000018004419c     libucrt:setvbuf.obj
 0004:000021a8       $pdata$ungetc$fin$0        00000001800441a8     libucrt:ungetc.obj
 0004:000021b4       $pdata$setlocale$fin$0     00000001800441b4     libucrt:setlocale.obj
 0004:000021c0       $pdata$_query_new_handler$fin$0 00000001800441c0     libucrt:new_handler.obj
 0004:000021cc       $pdata$?filt$0@?0??common_exit@@YAXHW4_crt_exit_cleanup_mode@@W4_crt_exit_return_mode@@@Z@4HA 00000001800441cc     libucrt:exit.obj
 0004:000021d8       $pdata$?fin$1@?0??common_exit@@YAXHW4_crt_exit_cleanup_mode@@W4_crt_exit_return_mode@@@Z@4HA 00000001800441d8     libucrt:exit.obj
 0004:000021e4       $pdata$?fin$0@?0???$?RV<lambda_e24bbb7b643b32fcea6fa61b31d4c984>@@AEAV<lambda_275893d493268fdec8709772e3fcec0e>@@V<lambda_9d71df4d7cf3f480f8d633942495c3b0>@@@?$__crt_seh_guarded_call@H@@QEAAH$$QEAV<lambda_e24bbb7b643b32fcea6fa61b31d4c984>@@AEAV<lambda_275893d493268fdec8709772e3fcec0e>@@$$QEAV<lambda_9d71df4d7cf3f480f8d633942495c3b0>@@@Z@4HA 00000001800441e4     libucrt:onexit.obj
 0004:000021f0       $pdata$raise$fin$0         00000001800441f0     libucrt:signal.obj
 0004:000021fc       $pdata$?fin$0@?0???$?RV<lambda_5df02c53a8f32f81fd64e5bbb78039f1>@@AEAV<lambda_2af78c5f5901b1372d98f9ab3177dfa6>@@AEAV<lambda_f51fe5fd7c79a33db34fc9310f277369>@@@?$__crt_seh_guarded_call@X@@QEAAX$$QEAV<lambda_5df02c53a8f32f81fd64e5bbb78039f1>@@AEAV<lambda_2af78c5f5901b1372d98f9ab3177dfa6>@@AEAV<lambda_f51fe5fd7c79a33db34fc9310f277369>@@@Z@4HA 00000001800441fc     libucrt:wsetlocale.obj
 0004:00002208       $pdata$?fin$0@?0???$?RV<lambda_630b2aca97f6d20d5b5ea6529ea6b6af>@@AEAV<lambda_af91936f1d075d609f72d9d8cba980af>@@V<lambda_e82fa975f615b5c7c7b0e4d178fdae67>@@@?$__crt_seh_guarded_call@H@@QEAAH$$QEAV<lambda_630b2aca97f6d20d5b5ea6529ea6b6af>@@AEAV<lambda_af91936f1d075d609f72d9d8cba980af>@@$$QEAV<lambda_e82fa975f615b5c7c7b0e4d178fdae67>@@@Z@4HA 0000000180044208     libucrt:winapi_thunks.obj
 0004:00002208       $pdata$?fin$0@?0???$?RV<lambda_b8c45f8f788dd370798f47cfe8ac3a86>@@AEAV<lambda_4e60a939b0d047cfe11ddc22648dfba9>@@V<lambda_332c3edc96d0294ec56c57d38c1cdfd5>@@@?$__crt_seh_guarded_call@H@@QEAAH$$QEAV<lambda_b8c45f8f788dd370798f47cfe8ac3a86>@@AEAV<lambda_4e60a939b0d047cfe11ddc22648dfba9>@@$$QEAV<lambda_332c3edc96d0294ec56c57d38c1cdfd5>@@@Z@4HA 0000000180044208     libucrt:onexit.obj
 0004:00002208       $pdata$?fin$0@?0???$?RV<lambda_72d1df2b273a38828b1ce30cbf4cdab5>@@AEAV<lambda_876a65b173b8412d3a47c70a915b0cf4>@@V<lambda_41932305e351933ebe8f8be3ed8bb5dc>@@@?$__crt_seh_guarded_call@X@@QEAAX$$QEAV<lambda_72d1df2b273a38828b1ce30cbf4cdab5>@@AEAV<lambda_876a65b173b8412d3a47c70a915b0cf4>@@$$QEAV<lambda_41932305e351933ebe8f8be3ed8bb5dc>@@@Z@4HA 0000000180044208     libucrt:per_thread_data.obj
 0004:00002208       $pdata$?fin$0@?0???$?RV<lambda_46352004c1216016012b18bd6f87e700>@@AEAV<lambda_3bd07e1a1191394380780325891bf33f>@@V<lambda_334532d3f185bcaa59b5be82d7d22bff>@@@?$__crt_seh_guarded_call@X@@QEAAX$$QEAV<lambda_46352004c1216016012b18bd6f87e700>@@AEAV<lambda_3bd07e1a1191394380780325891bf33f>@@$$QEAV<lambda_334532d3f185bcaa59b5be82d7d22bff>@@@Z@4HA 0000000180044208     libucrt:per_thread_data.obj
 0004:00002208       $pdata$?fin$0@?0???$?RV<lambda_fb3a7dec4e47f37f22dae91bb15c9095>@@AEAV<lambda_698284760c8add0bfb0756c19673e34b>@@V<lambda_dfb8eca1e75fef3034a8fb18dd509707>@@@?$__crt_seh_guarded_call@X@@QEAAX$$QEAV<lambda_fb3a7dec4e47f37f22dae91bb15c9095>@@AEAV<lambda_698284760c8add0bfb0756c19673e34b>@@$$QEAV<lambda_dfb8eca1e75fef3034a8fb18dd509707>@@@Z@4HA 0000000180044208     libucrt:per_thread_data.obj
 0004:00002208       $pdata$?fin$0@?0???$?RV<lambda_99476a1ad63dd22509b5d3e65b0ffc95>@@AEAV<lambda_ad1ced32f4ac17aa236e5ef05d6b3b7c>@@V<lambda_f7424dd8d45958661754dc4f2697e9c3>@@@?$__crt_seh_guarded_call@X@@QEAAX$$QEAV<lambda_99476a1ad63dd22509b5d3e65b0ffc95>@@AEAV<lambda_ad1ced32f4ac17aa236e5ef05d6b3b7c>@@$$QEAV<lambda_f7424dd8d45958661754dc4f2697e9c3>@@@Z@4HA 0000000180044208     libucrt:mbctype.obj
 0004:00002208       $pdata$?fin$0@?0???$?RV<lambda_5e887d1dcbef67a5eb4283622ba103bf>@@AEAV<lambda_4466841279450cc726390878d4a41900>@@V<lambda_341c25c0346d94847f1f3c463c57e077>@@@?$__crt_seh_guarded_call@X@@QEAAX$$QEAV<lambda_5e887d1dcbef67a5eb4283622ba103bf>@@AEAV<lambda_4466841279450cc726390878d4a41900>@@$$QEAV<lambda_341c25c0346d94847f1f3c463c57e077>@@@Z@4HA 0000000180044208     libucrt:per_thread_data.obj
 0004:00002208       $pdata$?fin$0@?0???$?RV<lambda_c36588078e9f5dfd39652860aa6b3aaf>@@AEAV<lambda_ec61778202f4f5fc7e7711acc23c3bca>@@V<lambda_dc9d2797ccde5d239b4a0efae8ebd7db>@@@?$__crt_seh_guarded_call@P6AXH@Z@@QEAAP6AXH@Z$$QEAV<lambda_c36588078e9f5dfd39652860aa6b3aaf>@@AEAV<lambda_ec61778202f4f5fc7e7711acc23c3bca>@@$$QEAV<lambda_dc9d2797ccde5d239b4a0efae8ebd7db>@@@Z@4HA 0000000180044208     libucrt:signal.obj
 0004:00002208       $pdata$?fin$0@?0???$?RV<lambda_d67e8342c384adda8f857579ab50b2ae>@@AEAV<lambda_30712929f77e709619002f448b6a9510>@@V<lambda_4525336fd7e478d965fb7ca7a337cad8>@@@?$__crt_seh_guarded_call@X@@QEAAX$$QEAV<lambda_d67e8342c384adda8f857579ab50b2ae>@@AEAV<lambda_30712929f77e709619002f448b6a9510>@@$$QEAV<lambda_4525336fd7e478d965fb7ca7a337cad8>@@@Z@4HA 0000000180044208     libucrt:wsetlocale.obj
 0004:00002214       $pdata$__acrt_update_thread_locale_data$fin$0 0000000180044214     libucrt:locale_refcounting.obj
 0004:00002214       $pdata$__acrt_uninitialize_locale$fin$0 0000000180044214     libucrt:wsetlocale.obj
 0004:00002220       $pdata$__acrt_lowio_ensure_fh_exists$fin$0 0000000180044220     libucrt:osfinfo.obj
 0004:00002220       $pdata$__acrt_initialize_lowio$fin$0 0000000180044220     libucrt:ioinit.obj
 0004:0000222c       $pdata$_fcloseall$fin$0    000000018004422c     libucrt:closeall.obj
 0004:00002238       $pdata$?fin$0@?0???$?RV<lambda_bfedae4ebbf01fab1bb6dcc6a9e276e0>@@AEAV<lambda_2fe9b910cf3cbf4a0ab98a02ba45b3ec>@@V<lambda_237c231691f317818eb88cc1d5d642d6>@@@?$__crt_seh_guarded_call@H@@QEAAH$$QEAV<lambda_bfedae4ebbf01fab1bb6dcc6a9e276e0>@@AEAV<lambda_2fe9b910cf3cbf4a0ab98a02ba45b3ec>@@$$QEAV<lambda_237c231691f317818eb88cc1d5d642d6>@@@Z@4HA 0000000180044238     libucrt:close.obj
 0004:00002238       $pdata$?fin$0@?0???$?RV<lambda_b521505b218e5242e90febf6bfebc422>@@AEAV<lambda_6978c1fb23f02e42e1d9e99668cc68aa>@@V<lambda_314360699dd331753a4119843814e9a7>@@@?$__crt_seh_guarded_call@H@@QEAAH$$QEAV<lambda_b521505b218e5242e90febf6bfebc422>@@AEAV<lambda_6978c1fb23f02e42e1d9e99668cc68aa>@@$$QEAV<lambda_314360699dd331753a4119843814e9a7>@@@Z@4HA 0000000180044238     libucrt:commit.obj
 0004:00002244       $pdata$?fin$0@?0??common_fseek@@YAHV__crt_stdio_stream@@_JH@Z@4HA 0000000180044244     libucrt:fseek.obj
 0004:00002244       $pdata$?fin$0@?0???$common_ftell@_J@@YA_JV__crt_stdio_stream@@@Z@4HA 0000000180044244     libucrt:ftell.obj
 0004:00002250       $pdata$__acrt_update_thread_multibyte_data$fin$0 0000000180044250     libucrt:mbctype.obj
 0004:0000225c       $pdata$?fin$0@?0???$common_lseek@_J@@YA_JH_JH@Z@4HA 000000018004425c     libucrt:lseek.obj
 0004:0000225c       $pdata$_read$fin$0         000000018004425c     libucrt:read.obj
 0004:0000225c       $pdata$_write$fin$0        000000018004425c     libucrt:write.obj
 0004:00002268       $pdata$_ctrlfp$filt$0      0000000180044268     libucrt:fpctrl.obj
 0004:00002268       $pdata$common_control87$filt$0 0000000180044268     libucrt:ieee.obj
 0004:00002274       $pdata$_IsNonwritableInCurrentImage$filt$0 0000000180044274     LIBCMT:pesect.obj
 0004:00002280       $pdata$??__Fcout@std@@YAXXZ 0000000180044280     libcpmt:cout.obj
 0004:0000228c       $pdata$??__F_Fac_tidy_reg@std@@YAXXZ 000000018004428c     libcpmt:locale0.obj
 0004:00002298       $pdata$??__Fclassic_locale@std@@YAXXZ 0000000180044298     libcpmt:locale0.obj
 0004:000022a4       $pdata$??__Finit_atexit@@YAXXZ 00000001800442a4     libcpmt:iosptrs.obj
 0005:00000000       __guard_fids__             0000000180045000     libucrt:initialization.obj
 0005:00000060       __guard_fids___acrt_initialize_ptd 0000000180045060     libucrt:per_thread_data.obj
 0005:00000064       __guard_fids__             0000000180045064     libucrt:wsetlocale.obj
 0005:0000007c       __guard_fids_??$?RV<lambda_630b2aca97f6d20d5b5ea6529ea6b6af>@@AEAV<lambda_af91936f1d075d609f72d9d8cba980af>@@V<lambda_e82fa975f615b5c7c7b0e4d178fdae67>@@@?$__crt_seh_guarded_call@H@@QEAAH$$QEAV<lambda_630b2aca97f6d20d5b5ea6529ea6b6af>@@AEAV<lambda_af91936f1d075d609f72d9d8cba980af>@@$$QEAV<lambda_e82fa975f615b5c7c7b0e4d178fdae67>@@@Z 000000018004507c     libucrt:winapi_thunks.obj
 0005:00000080       __guard_fids__             0000000180045080     libucrt:stdio_initializer.obj
 0005:00000084       __guard_fids__             0000000180045084     libucrt:stdio_initializer.obj
 0005:00000088       __guard_fids_??$expand_argument_wildcards@D@@YAHQEAD0AEAV?$argument_list@D@?A0xca0879c4@@@Z 0000000180045088     libucrt:argv_wildcards.obj
 0005:0000008c       __guard_fids__             000000018004508c     libucrt:locale_initializer.obj
 0005:00000090       __guard_fids_GetLocaleNameFromLangCountry 0000000180045090     libucrt:get_qualified_locale.obj
 0005:00000094       __guard_fids_GetLocaleNameFromLanguage 0000000180045094     libucrt:get_qualified_locale.obj
 0005:00000098       __guard_fids___acrt_get_qualified_locale_downlevel 0000000180045098     libucrt:getqloc_downlevel.obj
 0005:0000009c       __guard_fids_GetLcidFromLangCountry 000000018004509c     libucrt:getqloc_downlevel.obj
 0005:000000a0       __guard_fids_GetLcidFromLanguage 00000001800450a0     libucrt:getqloc_downlevel.obj
 0005:000000a4       __guard_fids__             00000001800450a4     libucrt:fma3_initializer.obj
 0005:000000a8       __guard_fids__             00000001800450a8     libucrt:timeset_initializer.obj
 0005:000000ac       __guard_fids__             00000001800450ac     libucrt:multibyte_initializer.obj
 0005:000000b0       __guard_fids__             00000001800450b0     libucrt:console_output_initializer.obj
 0005:000000b4       __guard_fids_??__Einitlocks@std@@YAXXZ 00000001800450b4     libcpmt:xlock.obj
 0005:000000b8       __guard_fids__             00000001800450b8     libcpmt:xlock.obj
 0005:000000bc       __guard_fids_??__Einitlocks@@YAXXZ 00000001800450bc     libcpmt:cout.obj
 0005:000000c0       __guard_fids_??__Efout@std@@YAXXZ 00000001800450c0     libcpmt:cout.obj
 0005:000000c4       __guard_fids_??__Ecout@std@@YAXXZ 00000001800450c4     libcpmt:cout.obj
 0005:000000c8       __guard_fids__             00000001800450c8     libcpmt:cout.obj
 0005:000000d0       __guard_fids__             00000001800450d0     libcpmt:cout.obj
 0005:000000d8       __guard_fids__             00000001800450d8     libcpmt:cout.obj
 0005:000000e0       __guard_fids__             00000001800450e0     libcpmt:cout.obj
 0005:000000ec       __guard_fids__             00000001800450ec     libcpmt:cout.obj
 0005:00000118       __guard_fids__             0000000180045118     libcpmt:cout.obj
 0005:00000130       __guard_fids__             0000000180045130     libcpmt:cout.obj
 0005:00000138       __guard_fids__             0000000180045138     libcpmt:cout.obj
 0005:00000150       __guard_fids__             0000000180045150     libcpmt:cout.obj
 0005:00000158       __guard_fids__             0000000180045158     libcpmt:cout.obj
 0005:0000015c       __guard_fids__             000000018004515c     libcpmt:cout.obj
 0005:00000198       __guard_fids__             0000000180045198     libcpmt:cout.obj
 0005:000001d4       __guard_fids__             00000001800451d4     libcpmt:cout.obj
 0005:000001d8       __guard_fids__             00000001800451d8     libcpmt:cout.obj
 0005:000001dc       __guard_fids__             00000001800451dc     libcpmt:cout.obj
 0005:00000204       __guard_fids__             0000000180045204     libcpmt:cout.obj
 0005:00000208       __guard_fids__             0000000180045208     libcpmt:cout.obj
 0005:0000020c       __guard_fids__             000000018004520c     libcpmt:cout.obj
 0005:00000210       __guard_fids__             0000000180045210     libcpmt:cout.obj
 0005:00000214       __guard_fids_??__E_Fac_tidy_reg@std@@YAXXZ 0000000180045214     libcpmt:locale0.obj
 0005:00000218       __guard_fids_?_Setgloballocale@locale@std@@CAXPEAX@Z 0000000180045218     libcpmt:locale0.obj
 0005:0000021c       __guard_fids_??__Eclassic_locale@std@@YAXXZ 000000018004521c     libcpmt:locale0.obj
 0005:00000220       __guard_fids__             0000000180045220     libcpmt:locale0.obj
 0005:0000022c       __guard_fids__             000000018004522c     libcpmt:locale0.obj
 0005:00000230       __guard_fids__             0000000180045230     libcpmt:locale0.obj
 0005:00000234       __guard_fids__             0000000180045234     libcpmt:xthrow.obj
 0005:0000023c       __guard_fids__             000000018004523c     libcpmt:xthrow.obj
 0005:00000244       __guard_fids__             0000000180045244     libcpmt:xthrow.obj
 0005:0000024c       __guard_fids__             000000018004524c     libcpmt:xthrow.obj
 0005:00000254       __guard_fids_??__Einitlocks@std@@YAXXZ 0000000180045254     libcpmt:iosptrs.obj
 0005:00000258       __guard_fids_??__Einit_atexit@@YAXXZ 0000000180045258     libcpmt:iosptrs.obj
 0005:0000025c       __guard_fids__             000000018004525c     libcpmt:iosptrs.obj
 0005:00000260       __guard_fids__             0000000180045260     libcpmt:iosptrs.obj
 0005:00000264       __guard_fids__             0000000180045264     libcpmt:locale.obj
 0005:00000290       __guard_fids__             0000000180045290     libcpmt:locale.obj
 0005:000002b0       __guard_fids__             00000001800452b0     libcpmt:winapisupp.obj
 0005:000002b4       __guard_fids__             00000001800452b4     LIBCMT:thread_safe_statics.obj
 0005:000002b8       __guard_fids_?__scrt_initialize_thread_safe_statics@@YAHXZ 00000001800452b8     LIBCMT:thread_safe_statics.obj
 0005:000002bc       __guard_fids_?dllmain_crt_process_attach@@YAHQEAUHINSTANCE__@@QEAX@Z 00000001800452bc     LIBCMT:dll_dllmain.obj
 0005:000002c4       __guard_fids_?dllmain_dispatch@@YAHQEAUHINSTANCE__@@KQEAX@Z 00000001800452c4     LIBCMT:dll_dllmain.obj
 0005:000002c8       __guard_fids__             00000001800452c8     LIBCMT:std_type_info_static.obj
 0005:000002cc       __guard_fids__             00000001800452cc     LIBCMT:throw_bad_alloc.obj
 0005:000002d4       __guard_fids__             00000001800452d4     LIBCMT:guard_support.obj
 0005:000002d8       __guard_fids__             00000001800452d8     libvcruntime:frame.obj
 0005:000002dc       __guard_fids__             00000001800452dc     libvcruntime:frame.obj
 0005:000002e4       __guard_fids__UnwindNestedFrames 00000001800452e4     libvcruntime:trnsctrl.obj
 0005:000002e8       __guard_fids___vcrt_initialize_ptd 00000001800452e8     libvcruntime:per_thread_data.obj
 0007:00000060       $R000000                   0000000180047060     * linker generated manifest res *

 Exports

  ordinal    name

        1    _register_MerkelTree_
